[0.326s] DEBUG:colcon:Command line arguments: ['/usr/bin/colcon', 'build']
[0.326s] DEBUG:colcon:Parsed command line arguments: Namespace(log_base=None, log_level=None, verb_name='build', build_base='build', install_base='install', merge_install=False, symlink_install=False, test_result_base=None, continue_on_error=False, executor='parallel', parallel_workers=20, event_handlers=None, ignore_user_meta=False, metas=['./colcon.meta'], base_paths=['.'], packages_ignore=None, packages_ignore_regex=None, paths=None, packages_up_to=None, packages_up_to_regex=None, packages_above=None, packages_above_and_dependencies=None, packages_above_depth=None, packages_select_by_dep=None, packages_skip_by_dep=None, packages_skip_up_to=None, packages_select_build_failed=False, packages_skip_build_finished=False, packages_select_test_failures=False, packages_skip_test_passed=False, packages_select=None, packages_skip=None, packages_select_regex=None, packages_skip_regex=None, packages_start=None, packages_end=None, allow_overriding=[], cmake_args=None, cmake_target=None, cmake_target_skip_unavailable=False, cmake_clean_cache=False, cmake_clean_first=False, cmake_force_configure=False, ament_cmake_args=None, catkin_cmake_args=None, catkin_skip_building_tests=False, verb_parser=<colcon_defaults.argument_parser.defaults.DefaultArgumentsDecorator object at 0x769b6af34a40>, verb_extension=<colcon_core.verb.build.BuildVerb object at 0x769b6b1e9070>, main=<bound method BuildVerb.main of <colcon_core.verb.build.BuildVerb object at 0x769b6b1e9070>>)
[0.380s] Level 1:colcon.colcon_core.package_discovery:discover_packages(colcon_meta) check parameters
[0.380s] Level 1:colcon.colcon_core.package_discovery:discover_packages(recursive) check parameters
[0.380s] Level 1:colcon.colcon_core.package_discovery:discover_packages(ignore) check parameters
[0.380s] Level 1:colcon.colcon_core.package_discovery:discover_packages(path) check parameters
[0.380s] Level 1:colcon.colcon_core.package_discovery:discover_packages(colcon_meta) discover
[0.381s] Level 1:colcon.colcon_core.package_discovery:discover_packages(recursive) discover
[0.381s] INFO:colcon.colcon_core.package_discovery:Crawling recursively for packages in '/home/pengyh/workspace/FreeAskAgent/closed_loop/ros2'
[0.381s] Level 1:colcon.colcon_core.package_identification:_identify(.) by extensions ['ignore', 'ignore_ament_install']
[0.381s] Level 1:colcon.colcon_core.package_identification:_identify(.) by extension 'ignore'
[0.381s] Level 1:colcon.colcon_core.package_identification:_identify(.) by extension 'ignore_ament_install'
[0.381s] Level 1:colcon.colcon_core.package_identification:_identify(.) by extensions ['colcon_pkg']
[0.381s] Level 1:colcon.colcon_core.package_identification:_identify(.) by extension 'colcon_pkg'
[0.381s] Level 1:colcon.colcon_core.package_identification:_identify(.) by extensions ['colcon_meta']
[0.381s] Level 1:colcon.colcon_core.package_identification:_identify(.) by extension 'colcon_meta'
[0.381s] Level 1:colcon.colcon_core.package_identification:_identify(.) by extensions ['ros']
[0.381s] Level 1:colcon.colcon_core.package_identification:_identify(.) by extension 'ros'
[0.404s] Level 1:colcon.colcon_core.package_identification:_identify(.) by extensions ['cmake', 'python']
[0.404s] Level 1:colcon.colcon_core.package_identification:_identify(.) by extension 'cmake'
[0.404s] Level 1:colcon.colcon_core.package_identification:_identify(.) by extension 'python'
[0.404s] Level 1:colcon.colcon_core.package_identification:_identify(.) by extensions ['python_setup_py']
[0.404s] Level 1:colcon.colcon_core.package_identification:_identify(.) by extension 'python_setup_py'
[0.404s] Level 1:colcon.colcon_core.package_identification:_identify(build) by extensions ['ignore', 'ignore_ament_install']
[0.404s] Level 1:colcon.colcon_core.package_identification:_identify(build) by extension 'ignore'
[0.404s] Level 1:colcon.colcon_core.package_identification:_identify(build) ignored
[0.404s] Level 1:colcon.colcon_core.package_identification:_identify(install) by extensions ['ignore', 'ignore_ament_install']
[0.404s] Level 1:colcon.colcon_core.package_identification:_identify(install) by extension 'ignore'
[0.404s] Level 1:colcon.colcon_core.package_identification:_identify(install) ignored
[0.404s] Level 1:colcon.colcon_core.package_identification:_identify(log) by extensions ['ignore', 'ignore_ament_install']
[0.405s] Level 1:colcon.colcon_core.package_identification:_identify(log) by extension 'ignore'
[0.405s] Level 1:colcon.colcon_core.package_identification:_identify(log) ignored
[0.405s] Level 1:colcon.colcon_core.package_identification:_identify(src) by extensions ['ignore', 'ignore_ament_install']
[0.405s] Level 1:colcon.colcon_core.package_identification:_identify(src) by extension 'ignore'
[0.405s] Level 1:colcon.colcon_core.package_identification:_identify(src) by extension 'ignore_ament_install'
[0.405s] Level 1:colcon.colcon_core.package_identification:_identify(src) by extensions ['colcon_pkg']
[0.405s] Level 1:colcon.colcon_core.package_identification:_identify(src) by extension 'colcon_pkg'
[0.405s] Level 1:colcon.colcon_core.package_identification:_identify(src) by extensions ['colcon_meta']
[0.405s] Level 1:colcon.colcon_core.package_identification:_identify(src) by extension 'colcon_meta'
[0.405s] Level 1:colcon.colcon_core.package_identification:_identify(src) by extensions ['ros']
[0.405s] Level 1:colcon.colcon_core.package_identification:_identify(src) by extension 'ros'
[0.405s] Level 1:colcon.colcon_core.package_identification:_identify(src) by extensions ['cmake', 'python']
[0.405s] Level 1:colcon.colcon_core.package_identification:_identify(src) by extension 'cmake'
[0.405s] Level 1:colcon.colcon_core.package_identification:_identify(src) by extension 'python'
[0.405s] Level 1:colcon.colcon_core.package_identification:_identify(src) by extensions ['python_setup_py']
[0.405s] Level 1:colcon.colcon_core.package_identification:_identify(src) by extension 'python_setup_py'
[0.405s] Level 1:colcon.colcon_core.package_identification:_identify(src/ROS-TCP-Endpoint) by extensions ['ignore', 'ignore_ament_install']
[0.405s] Level 1:colcon.colcon_core.package_identification:_identify(src/ROS-TCP-Endpoint) by extension 'ignore'
[0.405s] Level 1:colcon.colcon_core.package_identification:_identify(src/ROS-TCP-Endpoint) by extension 'ignore_ament_install'
[0.405s] Level 1:colcon.colcon_core.package_identification:_identify(src/ROS-TCP-Endpoint) by extensions ['colcon_pkg']
[0.405s] Level 1:colcon.colcon_core.package_identification:_identify(src/ROS-TCP-Endpoint) by extension 'colcon_pkg'
[0.405s] Level 1:colcon.colcon_core.package_identification:_identify(src/ROS-TCP-Endpoint) by extensions ['colcon_meta']
[0.405s] Level 1:colcon.colcon_core.package_identification:_identify(src/ROS-TCP-Endpoint) by extension 'colcon_meta'
[0.405s] Level 1:colcon.colcon_core.package_identification:_identify(src/ROS-TCP-Endpoint) by extensions ['ros']
[0.405s] Level 1:colcon.colcon_core.package_identification:_identify(src/ROS-TCP-Endpoint) by extension 'ros'
[0.408s] DEBUG:colcon.colcon_core.package_identification:Package 'src/ROS-TCP-Endpoint' with type 'ros.ament_python' and name 'ros_tcp_endpoint'
[0.408s] Level 1:colcon.colcon_core.package_identification:_identify(src/simulator_messages) by extensions ['ignore', 'ignore_ament_install']
[0.408s] Level 1:colcon.colcon_core.package_identification:_identify(src/simulator_messages) by extension 'ignore'
[0.408s] Level 1:colcon.colcon_core.package_identification:_identify(src/simulator_messages) by extension 'ignore_ament_install'
[0.408s] Level 1:colcon.colcon_core.package_identification:_identify(src/simulator_messages) by extensions ['colcon_pkg']
[0.409s] Level 1:colcon.colcon_core.package_identification:_identify(src/simulator_messages) by extension 'colcon_pkg'
[0.409s] Level 1:colcon.colcon_core.package_identification:_identify(src/simulator_messages) by extensions ['colcon_meta']
[0.409s] Level 1:colcon.colcon_core.package_identification:_identify(src/simulator_messages) by extension 'colcon_meta'
[0.409s] Level 1:colcon.colcon_core.package_identification:_identify(src/simulator_messages) by extensions ['ros']
[0.409s] Level 1:colcon.colcon_core.package_identification:_identify(src/simulator_messages) by extension 'ros'
[0.409s] DEBUG:colcon.colcon_core.package_identification:Package 'src/simulator_messages' with type 'ros.catkin' and name 'simulator_messages'
[0.409s] Level 1:colcon.colcon_core.package_identification:_identify(src/vln_connector) by extensions ['ignore', 'ignore_ament_install']
[0.409s] Level 1:colcon.colcon_core.package_identification:_identify(src/vln_connector) by extension 'ignore'
[0.409s] Level 1:colcon.colcon_core.package_identification:_identify(src/vln_connector) by extension 'ignore_ament_install'
[0.409s] Level 1:colcon.colcon_core.package_identification:_identify(src/vln_connector) by extensions ['colcon_pkg']
[0.409s] Level 1:colcon.colcon_core.package_identification:_identify(src/vln_connector) by extension 'colcon_pkg'
[0.409s] Level 1:colcon.colcon_core.package_identification:_identify(src/vln_connector) by extensions ['colcon_meta']
[0.409s] Level 1:colcon.colcon_core.package_identification:_identify(src/vln_connector) by extension 'colcon_meta'
[0.409s] Level 1:colcon.colcon_core.package_identification:_identify(src/vln_connector) by extensions ['ros']
[0.409s] Level 1:colcon.colcon_core.package_identification:_identify(src/vln_connector) by extension 'ros'
[0.410s] DEBUG:colcon.colcon_core.package_identification:Package 'src/vln_connector' with type 'ros.ament_python' and name 'vln_connector'
[0.410s] Level 1:colcon.colcon_core.package_discovery:discover_packages(recursive) using defaults
[0.410s] Level 1:colcon.colcon_core.package_discovery:discover_packages(ignore) discover
[0.410s] Level 1:colcon.colcon_core.package_discovery:discover_packages(ignore) using defaults
[0.410s] Level 1:colcon.colcon_core.package_discovery:discover_packages(path) discover
[0.410s] Level 1:colcon.colcon_core.package_discovery:discover_packages(path) using defaults
[0.430s] Level 1:colcon.colcon_core.package_discovery:discover_packages(prefix_path) check parameters
[0.431s] Level 1:colcon.colcon_core.package_discovery:discover_packages(prefix_path) discover
[0.437s] DEBUG:colcon.colcon_installed_package_information.package_discovery:Found 409 installed packages in /opt/ros/jazzy
[0.438s] Level 1:colcon.colcon_core.package_discovery:discover_packages(prefix_path) using defaults
[0.530s] Level 5:colcon.colcon_core.verb:set package 'ros_tcp_endpoint' build argument 'cmake_args' from command line to 'None'
[0.530s] Level 5:colcon.colcon_core.verb:set package 'ros_tcp_endpoint' build argument 'cmake_target' from command line to 'None'
[0.531s] Level 5:colcon.colcon_core.verb:set package 'ros_tcp_endpoint' build argument 'cmake_target_skip_unavailable' from command line to 'False'
[0.531s] Level 5:colcon.colcon_core.verb:set package 'ros_tcp_endpoint' build argument 'cmake_clean_cache' from command line to 'False'
[0.531s] Level 5:colcon.colcon_core.verb:set package 'ros_tcp_endpoint' build argument 'cmake_clean_first' from command line to 'False'
[0.531s] Level 5:colcon.colcon_core.verb:set package 'ros_tcp_endpoint' build argument 'cmake_force_configure' from command line to 'False'
[0.531s] Level 5:colcon.colcon_core.verb:set package 'ros_tcp_endpoint' build argument 'ament_cmake_args' from command line to 'None'
[0.531s] Level 5:colcon.colcon_core.verb:set package 'ros_tcp_endpoint' build argument 'catkin_cmake_args' from command line to 'None'
[0.531s] Level 5:colcon.colcon_core.verb:set package 'ros_tcp_endpoint' build argument 'catkin_skip_building_tests' from command line to 'False'
[0.531s] DEBUG:colcon.colcon_core.verb:Building package 'ros_tcp_endpoint' with the following arguments: {'ament_cmake_args': None, 'build_base': '/home/pengyh/workspace/FreeAskAgent/closed_loop/ros2/build/ros_tcp_endpoint', 'catkin_cmake_args': None, 'catkin_skip_building_tests': False, 'cmake_args': None, 'cmake_clean_cache': False, 'cmake_clean_first': False, 'cmake_force_configure': False, 'cmake_target': None, 'cmake_target_skip_unavailable': False, 'install_base': '/home/pengyh/workspace/FreeAskAgent/closed_loop/ros2/install/ros_tcp_endpoint', 'merge_install': False, 'path': '/home/pengyh/workspace/FreeAskAgent/closed_loop/ros2/src/ROS-TCP-Endpoint', 'symlink_install': False, 'test_result_base': None}
[0.531s] Level 5:colcon.colcon_core.verb:set package 'simulator_messages' build argument 'cmake_args' from command line to 'None'
[0.531s] Level 5:colcon.colcon_core.verb:set package 'simulator_messages' build argument 'cmake_target' from command line to 'None'
[0.531s] Level 5:colcon.colcon_core.verb:set package 'simulator_messages' build argument 'cmake_target_skip_unavailable' from command line to 'False'
[0.531s] Level 5:colcon.colcon_core.verb:set package 'simulator_messages' build argument 'cmake_clean_cache' from command line to 'False'
[0.531s] Level 5:colcon.colcon_core.verb:set package 'simulator_messages' build argument 'cmake_clean_first' from command line to 'False'
[0.531s] Level 5:colcon.colcon_core.verb:set package 'simulator_messages' build argument 'cmake_force_configure' from command line to 'False'
[0.531s] Level 5:colcon.colcon_core.verb:set package 'simulator_messages' build argument 'ament_cmake_args' from command line to 'None'
[0.531s] Level 5:colcon.colcon_core.verb:set package 'simulator_messages' build argument 'catkin_cmake_args' from command line to 'None'
[0.531s] Level 5:colcon.colcon_core.verb:set package 'simulator_messages' build argument 'catkin_skip_building_tests' from command line to 'False'
[0.531s] DEBUG:colcon.colcon_core.verb:Building package 'simulator_messages' with the following arguments: {'ament_cmake_args': None, 'build_base': '/home/pengyh/workspace/FreeAskAgent/closed_loop/ros2/build/simulator_messages', 'catkin_cmake_args': None, 'catkin_skip_building_tests': False, 'cmake_args': None, 'cmake_clean_cache': False, 'cmake_clean_first': False, 'cmake_force_configure': False, 'cmake_target': None, 'cmake_target_skip_unavailable': False, 'install_base': '/home/pengyh/workspace/FreeAskAgent/closed_loop/ros2/install/simulator_messages', 'merge_install': False, 'path': '/home/pengyh/workspace/FreeAskAgent/closed_loop/ros2/src/simulator_messages', 'symlink_install': False, 'test_result_base': None}
[0.531s] Level 5:colcon.colcon_core.verb:set package 'vln_connector' build argument 'cmake_args' from command line to 'None'
[0.531s] Level 5:colcon.colcon_core.verb:set package 'vln_connector' build argument 'cmake_target' from command line to 'None'
[0.531s] Level 5:colcon.colcon_core.verb:set package 'vln_connector' build argument 'cmake_target_skip_unavailable' from command line to 'False'
[0.531s] Level 5:colcon.colcon_core.verb:set package 'vln_connector' build argument 'cmake_clean_cache' from command line to 'False'
[0.531s] Level 5:colcon.colcon_core.verb:set package 'vln_connector' build argument 'cmake_clean_first' from command line to 'False'
[0.531s] Level 5:colcon.colcon_core.verb:set package 'vln_connector' build argument 'cmake_force_configure' from command line to 'False'
[0.531s] Level 5:colcon.colcon_core.verb:set package 'vln_connector' build argument 'ament_cmake_args' from command line to 'None'
[0.531s] Level 5:colcon.colcon_core.verb:set package 'vln_connector' build argument 'catkin_cmake_args' from command line to 'None'
[0.531s] Level 5:colcon.colcon_core.verb:set package 'vln_connector' build argument 'catkin_skip_building_tests' from command line to 'False'
[0.531s] DEBUG:colcon.colcon_core.verb:Building package 'vln_connector' with the following arguments: {'ament_cmake_args': None, 'build_base': '/home/pengyh/workspace/FreeAskAgent/closed_loop/ros2/build/vln_connector', 'catkin_cmake_args': None, 'catkin_skip_building_tests': False, 'cmake_args': None, 'cmake_clean_cache': False, 'cmake_clean_first': False, 'cmake_force_configure': False, 'cmake_target': None, 'cmake_target_skip_unavailable': False, 'install_base': '/home/pengyh/workspace/FreeAskAgent/closed_loop/ros2/install/vln_connector', 'merge_install': False, 'path': '/home/pengyh/workspace/FreeAskAgent/closed_loop/ros2/src/vln_connector', 'symlink_install': False, 'test_result_base': None}
[0.531s] INFO:colcon.colcon_core.executor:Executing jobs using 'parallel' executor
[0.532s] DEBUG:colcon.colcon_parallel_executor.executor.parallel:run_until_complete
[0.532s] INFO:colcon.colcon_ros.task.catkin.build:Building ROS package in '/home/pengyh/workspace/FreeAskAgent/closed_loop/ros2/src/simulator_messages' with build type 'catkin'
[0.532s] INFO:colcon.colcon_cmake.task.cmake.build:Building CMake package in '/home/pengyh/workspace/FreeAskAgent/closed_loop/ros2/src/simulator_messages'
[0.539s] INFO:colcon.colcon_core.plugin_system:Skipping extension 'colcon_core.shell.bat': Not used on non-Windows systems
[0.539s] INFO:colcon.colcon_core.shell:Skip shell extension 'powershell' for command environment: Not usable outside of PowerShell
[0.539s] DEBUG:colcon.colcon_core.shell:Skip shell extension 'dsv' for command environment
[0.542s] INFO:colcon.colcon_ros.task.ament_python.build:Building ROS package in '/home/pengyh/workspace/FreeAskAgent/closed_loop/ros2/src/ROS-TCP-Endpoint' with build type 'ament_python'
[0.542s] Level 1:colcon.colcon_core.shell:create_environment_hook('ros_tcp_endpoint', 'ament_prefix_path')
[0.542s] INFO:colcon.colcon_core.shell:Creating environment hook '/home/pengyh/workspace/FreeAskAgent/closed_loop/ros2/install/ros_tcp_endpoint/share/ros_tcp_endpoint/hook/ament_prefix_path.ps1'
[0.544s] INFO:colcon.colcon_core.shell:Creating environment descriptor '/home/pengyh/workspace/FreeAskAgent/closed_loop/ros2/install/ros_tcp_endpoint/share/ros_tcp_endpoint/hook/ament_prefix_path.dsv'
[0.544s] INFO:colcon.colcon_core.shell:Creating environment hook '/home/pengyh/workspace/FreeAskAgent/closed_loop/ros2/install/ros_tcp_endpoint/share/ros_tcp_endpoint/hook/ament_prefix_path.sh'
[0.545s] INFO:colcon.colcon_core.shell:Skip shell extension 'powershell' for command environment: Not usable outside of PowerShell
[0.545s] DEBUG:colcon.colcon_core.shell:Skip shell extension 'dsv' for command environment
[0.550s] DEBUG:colcon.colcon_core.event_handler.log_command:Invoking command in '/home/pengyh/workspace/FreeAskAgent/closed_loop/ros2/build/simulator_messages': DEBUGINFOD_URLS=https://debuginfod.ubuntu.com /usr/bin/cmake --build /home/pengyh/workspace/FreeAskAgent/closed_loop/ros2/build/simulator_messages -- -j20 -l20
[0.691s] INFO:colcon.colcon_core.task.python.build:Building Python package in '/home/pengyh/workspace/FreeAskAgent/closed_loop/ros2/src/ROS-TCP-Endpoint'
[0.691s] INFO:colcon.colcon_core.shell:Skip shell extension 'powershell' for command environment: Not usable outside of PowerShell
[0.691s] DEBUG:colcon.colcon_core.shell:Skip shell extension 'dsv' for command environment
[1.301s] DEBUG:colcon.colcon_core.task.python.build:Available setuptools commands: register, compile_catalog, install_data, clean, check, symlink_data, build_scripts, editable_wheel, install_egg_info, easy_install, bdist_wheel, develop, build_py, rotate, bdist_egg, install_headers, build_ext, install, build_clib, upload, extract_messages, build, saveopts, test, install_scripts, bdist, egg_info, bdist_rpm, bdist_dumb, dist_info, init_catalog, setopt, upload_docs, install_lib, alias, sdist, update_catalog
[1.304s] DEBUG:colcon.colcon_core.event_handler.log_command:Invoking command in '/home/pengyh/workspace/FreeAskAgent/closed_loop/ros2/src/ROS-TCP-Endpoint': DEBUGINFOD_URLS=https://debuginfod.ubuntu.com PYTHONPATH=/home/pengyh/workspace/FreeAskAgent/closed_loop/ros2/build/ros_tcp_endpoint/prefix_override:/usr/lib/python3/dist-packages/colcon_core/task/python/colcon_distutils_commands:/home/pengyh/workspace/FreeAskAgent/closed_loop/ros2/install/ros_tcp_endpoint/lib/python3.12/site-packages:${PYTHONPATH} /usr/bin/python3 -W ignore:setup.py install is deprecated -W ignore:easy_install command is deprecated setup.py egg_info --egg-base ../../build/ros_tcp_endpoint build --build-base /home/pengyh/workspace/FreeAskAgent/closed_loop/ros2/build/ros_tcp_endpoint/build install --record /home/pengyh/workspace/FreeAskAgent/closed_loop/ros2/build/ros_tcp_endpoint/install.log --install-scripts $base/lib/ros_tcp_endpoint --single-version-externally-managed install_data
[1.599s] DEBUG:colcon.colcon_core.event_handler.log_command:Invoked command in '/home/pengyh/workspace/FreeAskAgent/closed_loop/ros2/src/ROS-TCP-Endpoint' returned '0': DEBUGINFOD_URLS=https://debuginfod.ubuntu.com PYTHONPATH=/home/pengyh/workspace/FreeAskAgent/closed_loop/ros2/build/ros_tcp_endpoint/prefix_override:/usr/lib/python3/dist-packages/colcon_core/task/python/colcon_distutils_commands:/home/pengyh/workspace/FreeAskAgent/closed_loop/ros2/install/ros_tcp_endpoint/lib/python3.12/site-packages:${PYTHONPATH} /usr/bin/python3 -W ignore:setup.py install is deprecated -W ignore:easy_install command is deprecated setup.py egg_info --egg-base ../../build/ros_tcp_endpoint build --build-base /home/pengyh/workspace/FreeAskAgent/closed_loop/ros2/build/ros_tcp_endpoint/build install --record /home/pengyh/workspace/FreeAskAgent/closed_loop/ros2/build/ros_tcp_endpoint/install.log --install-scripts $base/lib/ros_tcp_endpoint --single-version-externally-managed install_data
[1.604s] Level 1:colcon.colcon_core.environment:checking '/home/pengyh/workspace/FreeAskAgent/closed_loop/ros2/install/ros_tcp_endpoint' for CMake module files
[1.604s] Level 1:colcon.colcon_core.environment:checking '/home/pengyh/workspace/FreeAskAgent/closed_loop/ros2/install/ros_tcp_endpoint' for CMake config files
[1.605s] Level 1:colcon.colcon_core.environment:checking '/home/pengyh/workspace/FreeAskAgent/closed_loop/ros2/install/ros_tcp_endpoint/lib'
[1.605s] Level 1:colcon.colcon_core.environment:checking '/home/pengyh/workspace/FreeAskAgent/closed_loop/ros2/install/ros_tcp_endpoint/bin'
[1.605s] Level 1:colcon.colcon_core.environment:checking '/home/pengyh/workspace/FreeAskAgent/closed_loop/ros2/install/ros_tcp_endpoint/lib/pkgconfig/ros_tcp_endpoint.pc'
[1.605s] Level 1:colcon.colcon_core.environment:checking '/home/pengyh/workspace/FreeAskAgent/closed_loop/ros2/install/ros_tcp_endpoint/lib/python3.12/site-packages'
[1.605s] Level 1:colcon.colcon_core.shell:create_environment_hook('ros_tcp_endpoint', 'pythonpath')
[1.605s] INFO:colcon.colcon_core.shell:Creating environment hook '/home/pengyh/workspace/FreeAskAgent/closed_loop/ros2/install/ros_tcp_endpoint/share/ros_tcp_endpoint/hook/pythonpath.ps1'
[1.606s] INFO:colcon.colcon_core.shell:Creating environment descriptor '/home/pengyh/workspace/FreeAskAgent/closed_loop/ros2/install/ros_tcp_endpoint/share/ros_tcp_endpoint/hook/pythonpath.dsv'
[1.606s] INFO:colcon.colcon_core.shell:Creating environment hook '/home/pengyh/workspace/FreeAskAgent/closed_loop/ros2/install/ros_tcp_endpoint/share/ros_tcp_endpoint/hook/pythonpath.sh'
[1.606s] Level 1:colcon.colcon_core.environment:checking '/home/pengyh/workspace/FreeAskAgent/closed_loop/ros2/install/ros_tcp_endpoint/bin'
[1.606s] Level 1:colcon.colcon_core.environment:create_environment_scripts_only(ros_tcp_endpoint)
[1.606s] INFO:colcon.colcon_core.shell:Creating package script '/home/pengyh/workspace/FreeAskAgent/closed_loop/ros2/install/ros_tcp_endpoint/share/ros_tcp_endpoint/package.ps1'
[1.607s] INFO:colcon.colcon_core.shell:Creating package descriptor '/home/pengyh/workspace/FreeAskAgent/closed_loop/ros2/install/ros_tcp_endpoint/share/ros_tcp_endpoint/package.dsv'
[1.608s] INFO:colcon.colcon_core.shell:Creating package script '/home/pengyh/workspace/FreeAskAgent/closed_loop/ros2/install/ros_tcp_endpoint/share/ros_tcp_endpoint/package.sh'
[1.608s] INFO:colcon.colcon_core.shell:Creating package script '/home/pengyh/workspace/FreeAskAgent/closed_loop/ros2/install/ros_tcp_endpoint/share/ros_tcp_endpoint/package.bash'
[1.609s] INFO:colcon.colcon_core.shell:Creating package script '/home/pengyh/workspace/FreeAskAgent/closed_loop/ros2/install/ros_tcp_endpoint/share/ros_tcp_endpoint/package.zsh'
[1.610s] Level 1:colcon.colcon_core.environment:create_file_with_runtime_dependencies(/home/pengyh/workspace/FreeAskAgent/closed_loop/ros2/install/ros_tcp_endpoint/share/colcon-core/packages/ros_tcp_endpoint)
[3.225s] DEBUG:colcon.colcon_core.event_handler.log_command:Invoked command in '/home/pengyh/workspace/FreeAskAgent/closed_loop/ros2/build/simulator_messages' returned '0': DEBUGINFOD_URLS=https://debuginfod.ubuntu.com /usr/bin/cmake --build /home/pengyh/workspace/FreeAskAgent/closed_loop/ros2/build/simulator_messages -- -j20 -l20
[3.233s] DEBUG:colcon.colcon_core.event_handler.log_command:Invoking command in '/home/pengyh/workspace/FreeAskAgent/closed_loop/ros2/build/simulator_messages': DEBUGINFOD_URLS=https://debuginfod.ubuntu.com /usr/bin/cmake --install /home/pengyh/workspace/FreeAskAgent/closed_loop/ros2/build/simulator_messages
[3.283s] DEBUG:colcon.colcon_core.event_handler.log_command:Invoked command in '/home/pengyh/workspace/FreeAskAgent/closed_loop/ros2/build/simulator_messages' returned '0': DEBUGINFOD_URLS=https://debuginfod.ubuntu.com /usr/bin/cmake --install /home/pengyh/workspace/FreeAskAgent/closed_loop/ros2/build/simulator_messages
[3.283s] Level 1:colcon.colcon_core.shell:create_environment_hook('simulator_messages', 'ros_package_path')
[3.283s] INFO:colcon.colcon_core.shell:Creating environment hook '/home/pengyh/workspace/FreeAskAgent/closed_loop/ros2/install/simulator_messages/share/simulator_messages/hook/ros_package_path.ps1'
[3.283s] INFO:colcon.colcon_core.shell:Creating environment descriptor '/home/pengyh/workspace/FreeAskAgent/closed_loop/ros2/install/simulator_messages/share/simulator_messages/hook/ros_package_path.dsv'
[3.283s] INFO:colcon.colcon_core.shell:Creating environment hook '/home/pengyh/workspace/FreeAskAgent/closed_loop/ros2/install/simulator_messages/share/simulator_messages/hook/ros_package_path.sh'
[3.284s] Level 1:colcon.colcon_ros.task.catkin:checking '/home/pengyh/workspace/FreeAskAgent/closed_loop/ros2/install/simulator_messages/lib/python3.12/site-packages'
[3.284s] Level 1:colcon.colcon_core.shell:create_environment_hook('simulator_messages', 'catkin_pythonpath')
[3.284s] INFO:colcon.colcon_core.shell:Creating environment hook '/home/pengyh/workspace/FreeAskAgent/closed_loop/ros2/install/simulator_messages/share/simulator_messages/hook/catkin_pythonpath.ps1'
[3.284s] INFO:colcon.colcon_core.shell:Creating environment descriptor '/home/pengyh/workspace/FreeAskAgent/closed_loop/ros2/install/simulator_messages/share/simulator_messages/hook/catkin_pythonpath.dsv'
[3.284s] INFO:colcon.colcon_core.shell:Creating environment hook '/home/pengyh/workspace/FreeAskAgent/closed_loop/ros2/install/simulator_messages/share/simulator_messages/hook/catkin_pythonpath.sh'
[3.284s] Level 1:colcon.colcon_core.shell:create_environment_hook('simulator_messages', 'pkg_config_path')
[3.284s] INFO:colcon.colcon_core.shell:Creating environment hook '/home/pengyh/workspace/FreeAskAgent/closed_loop/ros2/install/simulator_messages/share/simulator_messages/hook/pkg_config_path.ps1'
[3.285s] INFO:colcon.colcon_core.shell:Creating environment descriptor '/home/pengyh/workspace/FreeAskAgent/closed_loop/ros2/install/simulator_messages/share/simulator_messages/hook/pkg_config_path.dsv'
[3.285s] INFO:colcon.colcon_core.shell:Creating environment hook '/home/pengyh/workspace/FreeAskAgent/closed_loop/ros2/install/simulator_messages/share/simulator_messages/hook/pkg_config_path.sh'
[3.286s] Level 1:colcon.colcon_core.shell:create_environment_hook('simulator_messages', 'pkg_config_path_multiarch')
[3.286s] INFO:colcon.colcon_core.shell:Creating environment hook '/home/pengyh/workspace/FreeAskAgent/closed_loop/ros2/install/simulator_messages/share/simulator_messages/hook/pkg_config_path_multiarch.ps1'
[3.286s] INFO:colcon.colcon_core.shell:Creating environment descriptor '/home/pengyh/workspace/FreeAskAgent/closed_loop/ros2/install/simulator_messages/share/simulator_messages/hook/pkg_config_path_multiarch.dsv'
[3.287s] INFO:colcon.colcon_core.shell:Creating environment hook '/home/pengyh/workspace/FreeAskAgent/closed_loop/ros2/install/simulator_messages/share/simulator_messages/hook/pkg_config_path_multiarch.sh'
[3.287s] Level 1:colcon.colcon_core.environment:create_environment_scripts_only(simulator_messages)
[3.287s] Level 1:colcon.colcon_core.environment:checking '/home/pengyh/workspace/FreeAskAgent/closed_loop/ros2/install/simulator_messages' for CMake module files
[3.288s] Level 1:colcon.colcon_core.environment:checking '/home/pengyh/workspace/FreeAskAgent/closed_loop/ros2/install/simulator_messages' for CMake config files
[3.288s] Level 1:colcon.colcon_core.shell:create_environment_hook('simulator_messages', 'cmake_prefix_path')
[3.288s] INFO:colcon.colcon_core.shell:Creating environment hook '/home/pengyh/workspace/FreeAskAgent/closed_loop/ros2/install/simulator_messages/share/simulator_messages/hook/cmake_prefix_path.ps1'
[3.288s] INFO:colcon.colcon_core.shell:Creating environment descriptor '/home/pengyh/workspace/FreeAskAgent/closed_loop/ros2/install/simulator_messages/share/simulator_messages/hook/cmake_prefix_path.dsv'
[3.288s] INFO:colcon.colcon_core.shell:Creating environment hook '/home/pengyh/workspace/FreeAskAgent/closed_loop/ros2/install/simulator_messages/share/simulator_messages/hook/cmake_prefix_path.sh'
[3.288s] Level 1:colcon.colcon_core.environment:checking '/home/pengyh/workspace/FreeAskAgent/closed_loop/ros2/install/simulator_messages/lib'
[3.288s] Level 1:colcon.colcon_core.shell:create_environment_hook('simulator_messages', 'ld_library_path_lib')
[3.288s] INFO:colcon.colcon_core.shell:Creating environment hook '/home/pengyh/workspace/FreeAskAgent/closed_loop/ros2/install/simulator_messages/share/simulator_messages/hook/ld_library_path_lib.ps1'
[3.289s] INFO:colcon.colcon_core.shell:Creating environment descriptor '/home/pengyh/workspace/FreeAskAgent/closed_loop/ros2/install/simulator_messages/share/simulator_messages/hook/ld_library_path_lib.dsv'
[3.289s] INFO:colcon.colcon_core.shell:Creating environment hook '/home/pengyh/workspace/FreeAskAgent/closed_loop/ros2/install/simulator_messages/share/simulator_messages/hook/ld_library_path_lib.sh'
[3.289s] Level 1:colcon.colcon_core.environment:checking '/home/pengyh/workspace/FreeAskAgent/closed_loop/ros2/install/simulator_messages/bin'
[3.289s] Level 1:colcon.colcon_core.environment:checking '/home/pengyh/workspace/FreeAskAgent/closed_loop/ros2/install/simulator_messages/lib/pkgconfig/simulator_messages.pc'
[3.289s] Level 1:colcon.colcon_core.environment:checking '/home/pengyh/workspace/FreeAskAgent/closed_loop/ros2/install/simulator_messages/lib/python3.12/site-packages'
[3.289s] Level 1:colcon.colcon_core.shell:create_environment_hook('simulator_messages', 'pythonpath')
[3.289s] INFO:colcon.colcon_core.shell:Creating environment hook '/home/pengyh/workspace/FreeAskAgent/closed_loop/ros2/install/simulator_messages/share/simulator_messages/hook/pythonpath.ps1'
[3.289s] INFO:colcon.colcon_core.shell:Creating environment descriptor '/home/pengyh/workspace/FreeAskAgent/closed_loop/ros2/install/simulator_messages/share/simulator_messages/hook/pythonpath.dsv'
[3.290s] INFO:colcon.colcon_core.shell:Creating environment hook '/home/pengyh/workspace/FreeAskAgent/closed_loop/ros2/install/simulator_messages/share/simulator_messages/hook/pythonpath.sh'
[3.290s] Level 1:colcon.colcon_core.environment:checking '/home/pengyh/workspace/FreeAskAgent/closed_loop/ros2/install/simulator_messages/bin'
[3.290s] INFO:colcon.colcon_core.shell:Creating package script '/home/pengyh/workspace/FreeAskAgent/closed_loop/ros2/install/simulator_messages/share/simulator_messages/package.ps1'
[3.290s] INFO:colcon.colcon_core.shell:Creating package descriptor '/home/pengyh/workspace/FreeAskAgent/closed_loop/ros2/install/simulator_messages/share/simulator_messages/package.dsv'
[3.291s] INFO:colcon.colcon_core.shell:Creating package script '/home/pengyh/workspace/FreeAskAgent/closed_loop/ros2/install/simulator_messages/share/simulator_messages/package.sh'
[3.291s] INFO:colcon.colcon_core.shell:Creating package script '/home/pengyh/workspace/FreeAskAgent/closed_loop/ros2/install/simulator_messages/share/simulator_messages/package.bash'
[3.291s] INFO:colcon.colcon_core.shell:Creating package script '/home/pengyh/workspace/FreeAskAgent/closed_loop/ros2/install/simulator_messages/share/simulator_messages/package.zsh'
[3.291s] Level 1:colcon.colcon_core.environment:create_file_with_runtime_dependencies(/home/pengyh/workspace/FreeAskAgent/closed_loop/ros2/install/simulator_messages/share/colcon-core/packages/simulator_messages)
[3.291s] INFO:colcon.colcon_ros.task.ament_python.build:Building ROS package in '/home/pengyh/workspace/FreeAskAgent/closed_loop/ros2/src/vln_connector' with build type 'ament_python'
[3.292s] Level 1:colcon.colcon_core.shell:create_environment_hook('vln_connector', 'ament_prefix_path')
[3.292s] INFO:colcon.colcon_core.shell:Creating environment hook '/home/pengyh/workspace/FreeAskAgent/closed_loop/ros2/install/vln_connector/share/vln_connector/hook/ament_prefix_path.ps1'
[3.292s] INFO:colcon.colcon_core.shell:Creating environment descriptor '/home/pengyh/workspace/FreeAskAgent/closed_loop/ros2/install/vln_connector/share/vln_connector/hook/ament_prefix_path.dsv'
[3.292s] INFO:colcon.colcon_core.shell:Creating environment hook '/home/pengyh/workspace/FreeAskAgent/closed_loop/ros2/install/vln_connector/share/vln_connector/hook/ament_prefix_path.sh'
[3.293s] INFO:colcon.colcon_core.shell:Skip shell extension 'powershell' for command environment: Not usable outside of PowerShell
[3.293s] DEBUG:colcon.colcon_core.shell:Skip shell extension 'dsv' for command environment
[3.547s] WARNING:colcon.colcon_ros.task.ament_python.build:Package 'vln_connector' doesn't explicitly install a marker in the package index (colcon-ros currently does it implicitly but that fallback will be removed in the future)
[3.547s] WARNING:colcon.colcon_ros.task.ament_python.build:Package 'vln_connector' doesn't explicitly install the 'package.xml' file (colcon-ros currently does it implicitly but that fallback will be removed in the future)
[3.547s] INFO:colcon.colcon_core.task.python.build:Building Python package in '/home/pengyh/workspace/FreeAskAgent/closed_loop/ros2/src/vln_connector'
[3.547s] INFO:colcon.colcon_core.shell:Skip shell extension 'powershell' for command environment: Not usable outside of PowerShell
[3.547s] DEBUG:colcon.colcon_core.shell:Skip shell extension 'dsv' for command environment
[3.955s] DEBUG:colcon.colcon_core.task.python.build:Available setuptools commands: register, compile_catalog, install_data, clean, check, symlink_data, build_scripts, editable_wheel, install_egg_info, easy_install, bdist_wheel, develop, build_py, rotate, bdist_egg, install_headers, build_ext, install, build_clib, upload, extract_messages, build, saveopts, test, install_scripts, bdist, egg_info, bdist_rpm, bdist_dumb, dist_info, init_catalog, setopt, upload_docs, install_lib, alias, sdist, update_catalog
[3.957s] DEBUG:colcon.colcon_core.event_handler.log_command:Invoking command in '/home/pengyh/workspace/FreeAskAgent/closed_loop/ros2/src/vln_connector': CMAKE_PREFIX_PATH=/home/pengyh/workspace/FreeAskAgent/closed_loop/ros2/install/simulator_messages:${CMAKE_PREFIX_PATH} DEBUGINFOD_URLS=https://debuginfod.ubuntu.com LD_LIBRARY_PATH=/home/pengyh/workspace/FreeAskAgent/closed_loop/ros2/install/simulator_messages/lib:${LD_LIBRARY_PATH} PKG_CONFIG_PATH=/home/pengyh/workspace/FreeAskAgent/closed_loop/ros2/install/simulator_messages/lib/x86_64-linux-gnu/pkgconfig:/home/pengyh/workspace/FreeAskAgent/closed_loop/ros2/install/simulator_messages/lib/pkgconfig PYTHONPATH=/home/pengyh/workspace/FreeAskAgent/closed_loop/ros2/build/vln_connector/prefix_override:/usr/lib/python3/dist-packages/colcon_core/task/python/colcon_distutils_commands:/home/pengyh/workspace/FreeAskAgent/closed_loop/ros2/install/vln_connector/lib/python3.12/site-packages:/home/pengyh/workspace/FreeAskAgent/closed_loop/ros2/install/simulator_messages/lib/python3.12/site-packages:${PYTHONPATH} ROS_PACKAGE_PATH=/home/pengyh/workspace/FreeAskAgent/closed_loop/ros2/install/simulator_messages/share /usr/bin/python3 -W ignore:setup.py install is deprecated -W ignore:easy_install command is deprecated setup.py egg_info --egg-base ../../build/vln_connector build --build-base /home/pengyh/workspace/FreeAskAgent/closed_loop/ros2/build/vln_connector/build install --record /home/pengyh/workspace/FreeAskAgent/closed_loop/ros2/build/vln_connector/install.log --install-scripts $base/lib/vln_connector --single-version-externally-managed
[4.207s] Level 1:colcon.colcon_core.environment:checking '/home/pengyh/workspace/FreeAskAgent/closed_loop/ros2/install/vln_connector' for CMake module files
[4.208s] DEBUG:colcon.colcon_core.event_handler.log_command:Invoked command in '/home/pengyh/workspace/FreeAskAgent/closed_loop/ros2/src/vln_connector' returned '0': CMAKE_PREFIX_PATH=/home/pengyh/workspace/FreeAskAgent/closed_loop/ros2/install/simulator_messages:${CMAKE_PREFIX_PATH} DEBUGINFOD_URLS=https://debuginfod.ubuntu.com LD_LIBRARY_PATH=/home/pengyh/workspace/FreeAskAgent/closed_loop/ros2/install/simulator_messages/lib:${LD_LIBRARY_PATH} PKG_CONFIG_PATH=/home/pengyh/workspace/FreeAskAgent/closed_loop/ros2/install/simulator_messages/lib/x86_64-linux-gnu/pkgconfig:/home/pengyh/workspace/FreeAskAgent/closed_loop/ros2/install/simulator_messages/lib/pkgconfig PYTHONPATH=/home/pengyh/workspace/FreeAskAgent/closed_loop/ros2/build/vln_connector/prefix_override:/usr/lib/python3/dist-packages/colcon_core/task/python/colcon_distutils_commands:/home/pengyh/workspace/FreeAskAgent/closed_loop/ros2/install/vln_connector/lib/python3.12/site-packages:/home/pengyh/workspace/FreeAskAgent/closed_loop/ros2/install/simulator_messages/lib/python3.12/site-packages:${PYTHONPATH} ROS_PACKAGE_PATH=/home/pengyh/workspace/FreeAskAgent/closed_loop/ros2/install/simulator_messages/share /usr/bin/python3 -W ignore:setup.py install is deprecated -W ignore:easy_install command is deprecated setup.py egg_info --egg-base ../../build/vln_connector build --build-base /home/pengyh/workspace/FreeAskAgent/closed_loop/ros2/build/vln_connector/build install --record /home/pengyh/workspace/FreeAskAgent/closed_loop/ros2/build/vln_connector/install.log --install-scripts $base/lib/vln_connector --single-version-externally-managed
[4.208s] Level 1:colcon.colcon_core.environment:checking '/home/pengyh/workspace/FreeAskAgent/closed_loop/ros2/install/vln_connector' for CMake config files
[4.208s] Level 1:colcon.colcon_core.environment:checking '/home/pengyh/workspace/FreeAskAgent/closed_loop/ros2/install/vln_connector/lib'
[4.208s] Level 1:colcon.colcon_core.environment:checking '/home/pengyh/workspace/FreeAskAgent/closed_loop/ros2/install/vln_connector/bin'
[4.208s] Level 1:colcon.colcon_core.environment:checking '/home/pengyh/workspace/FreeAskAgent/closed_loop/ros2/install/vln_connector/lib/pkgconfig/vln_connector.pc'
[4.209s] Level 1:colcon.colcon_core.environment:checking '/home/pengyh/workspace/FreeAskAgent/closed_loop/ros2/install/vln_connector/lib/python3.12/site-packages'
[4.209s] Level 1:colcon.colcon_core.shell:create_environment_hook('vln_connector', 'pythonpath')
[4.209s] INFO:colcon.colcon_core.shell:Creating environment hook '/home/pengyh/workspace/FreeAskAgent/closed_loop/ros2/install/vln_connector/share/vln_connector/hook/pythonpath.ps1'
[4.209s] INFO:colcon.colcon_core.shell:Creating environment descriptor '/home/pengyh/workspace/FreeAskAgent/closed_loop/ros2/install/vln_connector/share/vln_connector/hook/pythonpath.dsv'
[4.209s] INFO:colcon.colcon_core.shell:Creating environment hook '/home/pengyh/workspace/FreeAskAgent/closed_loop/ros2/install/vln_connector/share/vln_connector/hook/pythonpath.sh'
[4.210s] Level 1:colcon.colcon_core.environment:checking '/home/pengyh/workspace/FreeAskAgent/closed_loop/ros2/install/vln_connector/bin'
[4.210s] Level 1:colcon.colcon_core.environment:create_environment_scripts_only(vln_connector)
[4.210s] INFO:colcon.colcon_core.shell:Creating package script '/home/pengyh/workspace/FreeAskAgent/closed_loop/ros2/install/vln_connector/share/vln_connector/package.ps1'
[4.210s] INFO:colcon.colcon_core.shell:Creating package descriptor '/home/pengyh/workspace/FreeAskAgent/closed_loop/ros2/install/vln_connector/share/vln_connector/package.dsv'
[4.210s] INFO:colcon.colcon_core.shell:Creating package script '/home/pengyh/workspace/FreeAskAgent/closed_loop/ros2/install/vln_connector/share/vln_connector/package.sh'
[4.210s] INFO:colcon.colcon_core.shell:Creating package script '/home/pengyh/workspace/FreeAskAgent/closed_loop/ros2/install/vln_connector/share/vln_connector/package.bash'
[4.210s] INFO:colcon.colcon_core.shell:Creating package script '/home/pengyh/workspace/FreeAskAgent/closed_loop/ros2/install/vln_connector/share/vln_connector/package.zsh'
[4.211s] Level 1:colcon.colcon_core.environment:create_file_with_runtime_dependencies(/home/pengyh/workspace/FreeAskAgent/closed_loop/ros2/install/vln_connector/share/colcon-core/packages/vln_connector)
[4.211s] DEBUG:colcon.colcon_parallel_executor.executor.parallel:closing loop
[4.211s] DEBUG:colcon.colcon_parallel_executor.executor.parallel:loop closed
[4.211s] DEBUG:colcon.colcon_parallel_executor.executor.parallel:run_until_complete finished with '0'
[4.211s] DEBUG:colcon.colcon_core.event_reactor:joining thread
[4.226s] INFO:colcon.colcon_core.plugin_system:Skipping extension 'colcon_notification.desktop_notification.terminal_notifier': Not used on non-Darwin systems
[4.226s] INFO:colcon.colcon_core.plugin_system:Skipping extension 'colcon_notification.desktop_notification.win32': Not used on non-Windows systems
[4.226s] INFO:colcon.colcon_notification.desktop_notification:Sending desktop notification using 'notify2'
[4.252s] DEBUG:colcon.colcon_notification.desktop_notification.notify2:Failed to initialize notify2: org.freedesktop.DBus.Error.ServiceUnknown: The name org.freedesktop.Notifications was not provided by any .service files
[4.252s] DEBUG:colcon.colcon_core.event_reactor:joined thread
[4.253s] INFO:colcon.colcon_core.shell:Creating prefix script '/home/pengyh/workspace/FreeAskAgent/closed_loop/ros2/install/local_setup.ps1'
[4.253s] INFO:colcon.colcon_core.shell:Creating prefix util module '/home/pengyh/workspace/FreeAskAgent/closed_loop/ros2/install/_local_setup_util_ps1.py'
[4.254s] INFO:colcon.colcon_core.shell:Creating prefix chain script '/home/pengyh/workspace/FreeAskAgent/closed_loop/ros2/install/setup.ps1'
[4.255s] INFO:colcon.colcon_core.shell:Creating prefix script '/home/pengyh/workspace/FreeAskAgent/closed_loop/ros2/install/local_setup.sh'
[4.255s] INFO:colcon.colcon_core.shell:Creating prefix util module '/home/pengyh/workspace/FreeAskAgent/closed_loop/ros2/install/_local_setup_util_sh.py'
[4.256s] INFO:colcon.colcon_core.shell:Creating prefix chain script '/home/pengyh/workspace/FreeAskAgent/closed_loop/ros2/install/setup.sh'
[4.256s] INFO:colcon.colcon_core.shell:Creating prefix script '/home/pengyh/workspace/FreeAskAgent/closed_loop/ros2/install/local_setup.bash'
[4.257s] INFO:colcon.colcon_core.shell:Creating prefix chain script '/home/pengyh/workspace/FreeAskAgent/closed_loop/ros2/install/setup.bash'
[4.257s] INFO:colcon.colcon_core.shell:Creating prefix script '/home/pengyh/workspace/FreeAskAgent/closed_loop/ros2/install/local_setup.zsh'
[4.257s] INFO:colcon.colcon_core.shell:Creating prefix chain script '/home/pengyh/workspace/FreeAskAgent/closed_loop/ros2/install/setup.zsh'
