[0.013s] Invoking command in '/home/pengyh/workspace/FreeAskAgent/closed_loop/ros2/build/simulator_messages': DEBUGINFOD_URLS=https://debuginfod.ubuntu.com /usr/bin/cmake --build /home/pengyh/workspace/FreeAskAgent/closed_loop/ros2/build/simulator_messages -- -j20 -l20
[0.148s] [  2%] Built target simulator_messages__rosidl_generator_type_description
[0.161s] [  5%] Built target simulator_messages__cpp
[0.162s] [  5%] Built target ament_cmake_python_copy_simulator_messages
[0.169s] [ 20%] Built target simulator_messages__rosidl_generator_c
[0.184s] [ 61%] Built target simulator_messages__rosidl_typesupport_introspection_c
[0.185s] [ 73%] Built target simulator_messages__rosidl_typesupport_fastrtps_c
[0.185s] [ 73%] Built target simulator_messages__rosidl_typesupport_c
[0.185s] [ 73%] Built target simulator_messages__rosidl_typesupport_introspection_cpp
[0.185s] [ 73%] Built target simulator_messages__rosidl_typesupport_cpp
[0.185s] [ 73%] Built target simulator_messages__rosidl_typesupport_fastrtps_cpp
[0.198s] [ 73%] Built target simulator_messages
[0.212s] [ 76%] Built target simulator_messages__py
[0.227s] [ 82%] Built target simulator_messages__rosidl_generator_py
[0.242s] [100%] Built target simulator_messages_s__rosidl_typesupport_fastrtps_c
[0.242s] [100%] Built target simulator_messages_s__rosidl_typesupport_c
[0.242s] [100%] Built target simulator_messages_s__rosidl_typesupport_introspection_c
[0.272s] running egg_info
[0.280s] writing simulator_messages.egg-info/PKG-INFO
[0.280s] writing dependency_links to simulator_messages.egg-info/dependency_links.txt
[0.280s] writing top-level names to simulator_messages.egg-info/top_level.txt
[0.304s] reading manifest file 'simulator_messages.egg-info/SOURCES.txt'
[0.304s] writing manifest file 'simulator_messages.egg-info/SOURCES.txt'
[0.319s] [100%] Built target ament_cmake_python_build_simulator_messages_egg
[0.326s] Invoked command in '/home/pengyh/workspace/FreeAskAgent/closed_loop/ros2/build/simulator_messages' returned '0': DEBUGINFOD_URLS=https://debuginfod.ubuntu.com /usr/bin/cmake --build /home/pengyh/workspace/FreeAskAgent/closed_loop/ros2/build/simulator_messages -- -j20 -l20
[0.332s] Invoking command in '/home/pengyh/workspace/FreeAskAgent/closed_loop/ros2/build/simulator_messages': DEBUGINFOD_URLS=https://debuginfod.ubuntu.com /usr/bin/cmake --install /home/pengyh/workspace/FreeAskAgent/closed_loop/ros2/build/simulator_messages
[0.338s] -- Install configuration: ""
[0.338s] -- Up-to-date: /home/pengyh/workspace/FreeAskAgent/closed_loop/ros2/install/simulator_messages/share/ament_index/resource_index/rosidl_interfaces/simulator_messages
[0.338s] -- Up-to-date: /home/pengyh/workspace/FreeAskAgent/closed_loop/ros2/install/simulator_messages/share/simulator_messages/msg/SimulatorCommand.json
[0.338s] -- Up-to-date: /home/pengyh/workspace/FreeAskAgent/closed_loop/ros2/install/simulator_messages/include/simulator_messages/simulator_messages
[0.338s] -- Up-to-date: /home/pengyh/workspace/FreeAskAgent/closed_loop/ros2/install/simulator_messages/include/simulator_messages/simulator_messages/msg
[0.339s] -- Up-to-date: /home/pengyh/workspace/FreeAskAgent/closed_loop/ros2/install/simulator_messages/include/simulator_messages/simulator_messages/msg/detail
[0.339s] -- Up-to-date: /home/pengyh/workspace/FreeAskAgent/closed_loop/ros2/install/simulator_messages/include/simulator_messages/simulator_messages/msg/detail/simulator_command__functions.c
[0.339s] -- Up-to-date: /home/pengyh/workspace/FreeAskAgent/closed_loop/ros2/install/simulator_messages/include/simulator_messages/simulator_messages/msg/detail/simulator_command__type_support.c
[0.339s] -- Up-to-date: /home/pengyh/workspace/FreeAskAgent/closed_loop/ros2/install/simulator_messages/include/simulator_messages/simulator_messages/msg/detail/simulator_command__type_support.h
[0.343s] -- Up-to-date: /home/pengyh/workspace/FreeAskAgent/closed_loop/ros2/install/simulator_messages/include/simulator_messages/simulator_messages/msg/detail/simulator_command__description.c
[0.343s] -- Up-to-date: /home/pengyh/workspace/FreeAskAgent/closed_loop/ros2/install/simulator_messages/include/simulator_messages/simulator_messages/msg/detail/simulator_command__struct.h
[0.343s] -- Up-to-date: /home/pengyh/workspace/FreeAskAgent/closed_loop/ros2/install/simulator_messages/include/simulator_messages/simulator_messages/msg/detail/simulator_command__functions.h
[0.344s] -- Up-to-date: /home/pengyh/workspace/FreeAskAgent/closed_loop/ros2/install/simulator_messages/include/simulator_messages/simulator_messages/msg/simulator_command.h
[0.344s] -- Up-to-date: /home/pengyh/workspace/FreeAskAgent/closed_loop/ros2/install/simulator_messages/include/simulator_messages/simulator_messages/msg/rosidl_generator_c__visibility_control.h
[0.344s] -- Up-to-date: /home/pengyh/workspace/FreeAskAgent/closed_loop/ros2/install/simulator_messages/share/simulator_messages/environment/library_path.sh
[0.344s] -- Up-to-date: /home/pengyh/workspace/FreeAskAgent/closed_loop/ros2/install/simulator_messages/share/simulator_messages/environment/library_path.dsv
[0.345s] -- Up-to-date: /home/pengyh/workspace/FreeAskAgent/closed_loop/ros2/install/simulator_messages/lib/libsimulator_messages__rosidl_generator_c.so
[0.346s] -- Up-to-date: /home/pengyh/workspace/FreeAskAgent/closed_loop/ros2/install/simulator_messages/include/simulator_messages/simulator_messages
[0.346s] -- Up-to-date: /home/pengyh/workspace/FreeAskAgent/closed_loop/ros2/install/simulator_messages/include/simulator_messages/simulator_messages/msg
[0.347s] -- Up-to-date: /home/pengyh/workspace/FreeAskAgent/closed_loop/ros2/install/simulator_messages/include/simulator_messages/simulator_messages/msg/rosidl_typesupport_fastrtps_c__visibility_control.h
[0.347s] -- Up-to-date: /home/pengyh/workspace/FreeAskAgent/closed_loop/ros2/install/simulator_messages/include/simulator_messages/simulator_messages/msg/detail
[0.347s] -- Up-to-date: /home/pengyh/workspace/FreeAskAgent/closed_loop/ros2/install/simulator_messages/include/simulator_messages/simulator_messages/msg/detail/simulator_command__rosidl_typesupport_fastrtps_c.h
[0.349s] -- Up-to-date: /home/pengyh/workspace/FreeAskAgent/closed_loop/ros2/install/simulator_messages/lib/libsimulator_messages__rosidl_typesupport_fastrtps_c.so
[0.350s] -- Up-to-date: /home/pengyh/workspace/FreeAskAgent/closed_loop/ros2/install/simulator_messages/include/simulator_messages/simulator_messages
[0.350s] -- Up-to-date: /home/pengyh/workspace/FreeAskAgent/closed_loop/ros2/install/simulator_messages/include/simulator_messages/simulator_messages/msg
[0.350s] -- Up-to-date: /home/pengyh/workspace/FreeAskAgent/closed_loop/ros2/install/simulator_messages/include/simulator_messages/simulator_messages/msg/rosidl_typesupport_introspection_c__visibility_control.h
[0.350s] -- Up-to-date: /home/pengyh/workspace/FreeAskAgent/closed_loop/ros2/install/simulator_messages/include/simulator_messages/simulator_messages/msg/detail
[0.350s] -- Up-to-date: /home/pengyh/workspace/FreeAskAgent/closed_loop/ros2/install/simulator_messages/include/simulator_messages/simulator_messages/msg/detail/simulator_command__type_support.c
[0.350s] -- Up-to-date: /home/pengyh/workspace/FreeAskAgent/closed_loop/ros2/install/simulator_messages/include/simulator_messages/simulator_messages/msg/detail/simulator_command__rosidl_typesupport_introspection_c.h
[0.351s] -- Up-to-date: /home/pengyh/workspace/FreeAskAgent/closed_loop/ros2/install/simulator_messages/lib/libsimulator_messages__rosidl_typesupport_introspection_c.so
[0.351s] -- Up-to-date: /home/pengyh/workspace/FreeAskAgent/closed_loop/ros2/install/simulator_messages/lib/libsimulator_messages__rosidl_typesupport_c.so
[0.351s] -- Up-to-date: /home/pengyh/workspace/FreeAskAgent/closed_loop/ros2/install/simulator_messages/include/simulator_messages/simulator_messages
[0.352s] -- Up-to-date: /home/pengyh/workspace/FreeAskAgent/closed_loop/ros2/install/simulator_messages/include/simulator_messages/simulator_messages/msg
[0.352s] -- Up-to-date: /home/pengyh/workspace/FreeAskAgent/closed_loop/ros2/install/simulator_messages/include/simulator_messages/simulator_messages/msg/rosidl_generator_cpp__visibility_control.hpp
[0.352s] -- Up-to-date: /home/pengyh/workspace/FreeAskAgent/closed_loop/ros2/install/simulator_messages/include/simulator_messages/simulator_messages/msg/simulator_command.hpp
[0.352s] -- Up-to-date: /home/pengyh/workspace/FreeAskAgent/closed_loop/ros2/install/simulator_messages/include/simulator_messages/simulator_messages/msg/detail
[0.352s] -- Up-to-date: /home/pengyh/workspace/FreeAskAgent/closed_loop/ros2/install/simulator_messages/include/simulator_messages/simulator_messages/msg/detail/simulator_command__traits.hpp
[0.352s] -- Up-to-date: /home/pengyh/workspace/FreeAskAgent/closed_loop/ros2/install/simulator_messages/include/simulator_messages/simulator_messages/msg/detail/simulator_command__struct.hpp
[0.352s] -- Up-to-date: /home/pengyh/workspace/FreeAskAgent/closed_loop/ros2/install/simulator_messages/include/simulator_messages/simulator_messages/msg/detail/simulator_command__builder.hpp
[0.352s] -- Up-to-date: /home/pengyh/workspace/FreeAskAgent/closed_loop/ros2/install/simulator_messages/include/simulator_messages/simulator_messages/msg/detail/simulator_command__type_support.hpp
[0.352s] -- Up-to-date: /home/pengyh/workspace/FreeAskAgent/closed_loop/ros2/install/simulator_messages/include/simulator_messages/simulator_messages
[0.353s] -- Up-to-date: /home/pengyh/workspace/FreeAskAgent/closed_loop/ros2/install/simulator_messages/include/simulator_messages/simulator_messages/msg
[0.353s] -- Up-to-date: /home/pengyh/workspace/FreeAskAgent/closed_loop/ros2/install/simulator_messages/include/simulator_messages/simulator_messages/msg/rosidl_typesupport_fastrtps_cpp__visibility_control.h
[0.353s] -- Up-to-date: /home/pengyh/workspace/FreeAskAgent/closed_loop/ros2/install/simulator_messages/include/simulator_messages/simulator_messages/msg/detail
[0.353s] -- Up-to-date: /home/pengyh/workspace/FreeAskAgent/closed_loop/ros2/install/simulator_messages/include/simulator_messages/simulator_messages/msg/detail/dds_fastrtps
[0.353s] -- Up-to-date: /home/pengyh/workspace/FreeAskAgent/closed_loop/ros2/install/simulator_messages/include/simulator_messages/simulator_messages/msg/detail/simulator_command__rosidl_typesupport_fastrtps_cpp.hpp
[0.354s] -- Up-to-date: /home/pengyh/workspace/FreeAskAgent/closed_loop/ros2/install/simulator_messages/lib/libsimulator_messages__rosidl_typesupport_fastrtps_cpp.so
[0.354s] -- Up-to-date: /home/pengyh/workspace/FreeAskAgent/closed_loop/ros2/install/simulator_messages/include/simulator_messages/simulator_messages
[0.354s] -- Up-to-date: /home/pengyh/workspace/FreeAskAgent/closed_loop/ros2/install/simulator_messages/include/simulator_messages/simulator_messages/msg
[0.354s] -- Up-to-date: /home/pengyh/workspace/FreeAskAgent/closed_loop/ros2/install/simulator_messages/include/simulator_messages/simulator_messages/msg/detail
[0.354s] -- Up-to-date: /home/pengyh/workspace/FreeAskAgent/closed_loop/ros2/install/simulator_messages/include/simulator_messages/simulator_messages/msg/detail/simulator_command__type_support.cpp
[0.354s] -- Up-to-date: /home/pengyh/workspace/FreeAskAgent/closed_loop/ros2/install/simulator_messages/include/simulator_messages/simulator_messages/msg/detail/simulator_command__rosidl_typesupport_introspection_cpp.hpp
[0.355s] -- Up-to-date: /home/pengyh/workspace/FreeAskAgent/closed_loop/ros2/install/simulator_messages/lib/libsimulator_messages__rosidl_typesupport_introspection_cpp.so
[0.356s] -- Up-to-date: /home/pengyh/workspace/FreeAskAgent/closed_loop/ros2/install/simulator_messages/lib/libsimulator_messages__rosidl_typesupport_cpp.so
[0.356s] -- Up-to-date: /home/pengyh/workspace/FreeAskAgent/closed_loop/ros2/install/simulator_messages/share/simulator_messages/environment/pythonpath.sh
[0.356s] -- Up-to-date: /home/pengyh/workspace/FreeAskAgent/closed_loop/ros2/install/simulator_messages/share/simulator_messages/environment/pythonpath.dsv
[0.356s] -- Up-to-date: /home/pengyh/workspace/FreeAskAgent/closed_loop/ros2/install/simulator_messages/lib/python3.12/site-packages/simulator_messages-0.0.0-py3.12.egg-info
[0.356s] -- Installing: /home/pengyh/workspace/FreeAskAgent/closed_loop/ros2/install/simulator_messages/lib/python3.12/site-packages/simulator_messages-0.0.0-py3.12.egg-info/top_level.txt
[0.356s] -- Installing: /home/pengyh/workspace/FreeAskAgent/closed_loop/ros2/install/simulator_messages/lib/python3.12/site-packages/simulator_messages-0.0.0-py3.12.egg-info/PKG-INFO
[0.357s] -- Installing: /home/pengyh/workspace/FreeAskAgent/closed_loop/ros2/install/simulator_messages/lib/python3.12/site-packages/simulator_messages-0.0.0-py3.12.egg-info/SOURCES.txt
[0.357s] -- Installing: /home/pengyh/workspace/FreeAskAgent/closed_loop/ros2/install/simulator_messages/lib/python3.12/site-packages/simulator_messages-0.0.0-py3.12.egg-info/dependency_links.txt
[0.357s] -- Up-to-date: /home/pengyh/workspace/FreeAskAgent/closed_loop/ros2/install/simulator_messages/lib/python3.12/site-packages/simulator_messages
[0.357s] -- Up-to-date: /home/pengyh/workspace/FreeAskAgent/closed_loop/ros2/install/simulator_messages/lib/python3.12/site-packages/simulator_messages/_simulator_messages_s.ep.rosidl_typesupport_introspection_c.c
[0.357s] -- Up-to-date: /home/pengyh/workspace/FreeAskAgent/closed_loop/ros2/install/simulator_messages/lib/python3.12/site-packages/simulator_messages/msg
[0.357s] -- Up-to-date: /home/pengyh/workspace/FreeAskAgent/closed_loop/ros2/install/simulator_messages/lib/python3.12/site-packages/simulator_messages/msg/_simulator_command_s.c
[0.357s] -- Up-to-date: /home/pengyh/workspace/FreeAskAgent/closed_loop/ros2/install/simulator_messages/lib/python3.12/site-packages/simulator_messages/msg/__init__.py
[0.357s] -- Up-to-date: /home/pengyh/workspace/FreeAskAgent/closed_loop/ros2/install/simulator_messages/lib/python3.12/site-packages/simulator_messages/msg/_simulator_command.py
[0.358s] -- Up-to-date: /home/pengyh/workspace/FreeAskAgent/closed_loop/ros2/install/simulator_messages/lib/python3.12/site-packages/simulator_messages/simulator_messages_s__rosidl_typesupport_c.so
[0.358s] -- Up-to-date: /home/pengyh/workspace/FreeAskAgent/closed_loop/ros2/install/simulator_messages/lib/python3.12/site-packages/simulator_messages/simulator_messages_s__rosidl_typesupport_introspection_c.so
[0.358s] -- Up-to-date: /home/pengyh/workspace/FreeAskAgent/closed_loop/ros2/install/simulator_messages/lib/python3.12/site-packages/simulator_messages/__init__.py
[0.358s] -- Up-to-date: /home/pengyh/workspace/FreeAskAgent/closed_loop/ros2/install/simulator_messages/lib/python3.12/site-packages/simulator_messages/_simulator_messages_s.ep.rosidl_typesupport_fastrtps_c.c
[0.358s] -- Up-to-date: /home/pengyh/workspace/FreeAskAgent/closed_loop/ros2/install/simulator_messages/lib/python3.12/site-packages/simulator_messages/_simulator_messages_s.ep.rosidl_typesupport_c.c
[0.358s] -- Up-to-date: /home/pengyh/workspace/FreeAskAgent/closed_loop/ros2/install/simulator_messages/lib/python3.12/site-packages/simulator_messages/simulator_messages_s__rosidl_typesupport_fastrtps_c.so
[0.383s] Listing '/home/pengyh/workspace/FreeAskAgent/closed_loop/ros2/install/simulator_messages/lib/python3.12/site-packages/simulator_messages'...
[0.383s] Listing '/home/pengyh/workspace/FreeAskAgent/closed_loop/ros2/install/simulator_messages/lib/python3.12/site-packages/simulator_messages/msg'...
[0.386s] -- Up-to-date: /home/pengyh/workspace/FreeAskAgent/closed_loop/ros2/install/simulator_messages/lib/python3.12/site-packages/simulator_messages/simulator_messages_s__rosidl_typesupport_fastrtps_c.so
[0.387s] -- Up-to-date: /home/pengyh/workspace/FreeAskAgent/closed_loop/ros2/install/simulator_messages/lib/python3.12/site-packages/simulator_messages/simulator_messages_s__rosidl_typesupport_introspection_c.so
[0.387s] -- Up-to-date: /home/pengyh/workspace/FreeAskAgent/closed_loop/ros2/install/simulator_messages/lib/python3.12/site-packages/simulator_messages/simulator_messages_s__rosidl_typesupport_c.so
[0.388s] -- Up-to-date: /home/pengyh/workspace/FreeAskAgent/closed_loop/ros2/install/simulator_messages/lib/libsimulator_messages__rosidl_generator_py.so
[0.388s] -- Up-to-date: /home/pengyh/workspace/FreeAskAgent/closed_loop/ros2/install/simulator_messages/share/simulator_messages/msg/SimulatorCommand.idl
[0.388s] -- Up-to-date: /home/pengyh/workspace/FreeAskAgent/closed_loop/ros2/install/simulator_messages/share/simulator_messages/msg/SimulatorCommand.msg
[0.388s] -- Up-to-date: /home/pengyh/workspace/FreeAskAgent/closed_loop/ros2/install/simulator_messages/share/ament_index/resource_index/package_run_dependencies/simulator_messages
[0.388s] -- Up-to-date: /home/pengyh/workspace/FreeAskAgent/closed_loop/ros2/install/simulator_messages/share/ament_index/resource_index/parent_prefix_path/simulator_messages
[0.388s] -- Up-to-date: /home/pengyh/workspace/FreeAskAgent/closed_loop/ros2/install/simulator_messages/share/simulator_messages/environment/ament_prefix_path.sh
[0.388s] -- Up-to-date: /home/pengyh/workspace/FreeAskAgent/closed_loop/ros2/install/simulator_messages/share/simulator_messages/environment/ament_prefix_path.dsv
[0.388s] -- Up-to-date: /home/pengyh/workspace/FreeAskAgent/closed_loop/ros2/install/simulator_messages/share/simulator_messages/environment/path.sh
[0.388s] -- Up-to-date: /home/pengyh/workspace/FreeAskAgent/closed_loop/ros2/install/simulator_messages/share/simulator_messages/environment/path.dsv
[0.388s] -- Up-to-date: /home/pengyh/workspace/FreeAskAgent/closed_loop/ros2/install/simulator_messages/share/simulator_messages/local_setup.bash
[0.388s] -- Up-to-date: /home/pengyh/workspace/FreeAskAgent/closed_loop/ros2/install/simulator_messages/share/simulator_messages/local_setup.sh
[0.388s] -- Up-to-date: /home/pengyh/workspace/FreeAskAgent/closed_loop/ros2/install/simulator_messages/share/simulator_messages/local_setup.zsh
[0.388s] -- Up-to-date: /home/pengyh/workspace/FreeAskAgent/closed_loop/ros2/install/simulator_messages/share/simulator_messages/local_setup.dsv
[0.388s] -- Installing: /home/pengyh/workspace/FreeAskAgent/closed_loop/ros2/install/simulator_messages/share/simulator_messages/package.dsv
[0.389s] -- Up-to-date: /home/pengyh/workspace/FreeAskAgent/closed_loop/ros2/install/simulator_messages/share/ament_index/resource_index/packages/simulator_messages
[0.389s] -- Up-to-date: /home/pengyh/workspace/FreeAskAgent/closed_loop/ros2/install/simulator_messages/share/simulator_messages/cmake/export_simulator_messages__rosidl_generator_cExport.cmake
[0.389s] -- Up-to-date: /home/pengyh/workspace/FreeAskAgent/closed_loop/ros2/install/simulator_messages/share/simulator_messages/cmake/export_simulator_messages__rosidl_generator_cExport-noconfig.cmake
[0.389s] -- Up-to-date: /home/pengyh/workspace/FreeAskAgent/closed_loop/ros2/install/simulator_messages/share/simulator_messages/cmake/export_simulator_messages__rosidl_typesupport_fastrtps_cExport.cmake
[0.389s] -- Up-to-date: /home/pengyh/workspace/FreeAskAgent/closed_loop/ros2/install/simulator_messages/share/simulator_messages/cmake/export_simulator_messages__rosidl_typesupport_fastrtps_cExport-noconfig.cmake
[0.389s] -- Up-to-date: /home/pengyh/workspace/FreeAskAgent/closed_loop/ros2/install/simulator_messages/share/simulator_messages/cmake/simulator_messages__rosidl_typesupport_introspection_cExport.cmake
[0.389s] -- Up-to-date: /home/pengyh/workspace/FreeAskAgent/closed_loop/ros2/install/simulator_messages/share/simulator_messages/cmake/simulator_messages__rosidl_typesupport_introspection_cExport-noconfig.cmake
[0.390s] -- Up-to-date: /home/pengyh/workspace/FreeAskAgent/closed_loop/ros2/install/simulator_messages/share/simulator_messages/cmake/simulator_messages__rosidl_typesupport_cExport.cmake
[0.390s] -- Up-to-date: /home/pengyh/workspace/FreeAskAgent/closed_loop/ros2/install/simulator_messages/share/simulator_messages/cmake/simulator_messages__rosidl_typesupport_cExport-noconfig.cmake
[0.390s] -- Up-to-date: /home/pengyh/workspace/FreeAskAgent/closed_loop/ros2/install/simulator_messages/share/simulator_messages/cmake/export_simulator_messages__rosidl_generator_cppExport.cmake
[0.391s] -- Up-to-date: /home/pengyh/workspace/FreeAskAgent/closed_loop/ros2/install/simulator_messages/share/simulator_messages/cmake/export_simulator_messages__rosidl_typesupport_fastrtps_cppExport.cmake
[0.391s] -- Up-to-date: /home/pengyh/workspace/FreeAskAgent/closed_loop/ros2/install/simulator_messages/share/simulator_messages/cmake/export_simulator_messages__rosidl_typesupport_fastrtps_cppExport-noconfig.cmake
[0.391s] -- Up-to-date: /home/pengyh/workspace/FreeAskAgent/closed_loop/ros2/install/simulator_messages/share/simulator_messages/cmake/simulator_messages__rosidl_typesupport_introspection_cppExport.cmake
[0.391s] -- Up-to-date: /home/pengyh/workspace/FreeAskAgent/closed_loop/ros2/install/simulator_messages/share/simulator_messages/cmake/simulator_messages__rosidl_typesupport_introspection_cppExport-noconfig.cmake
[0.391s] -- Up-to-date: /home/pengyh/workspace/FreeAskAgent/closed_loop/ros2/install/simulator_messages/share/simulator_messages/cmake/simulator_messages__rosidl_typesupport_cppExport.cmake
[0.391s] -- Up-to-date: /home/pengyh/workspace/FreeAskAgent/closed_loop/ros2/install/simulator_messages/share/simulator_messages/cmake/simulator_messages__rosidl_typesupport_cppExport-noconfig.cmake
[0.392s] -- Up-to-date: /home/pengyh/workspace/FreeAskAgent/closed_loop/ros2/install/simulator_messages/share/simulator_messages/cmake/export_simulator_messages__rosidl_generator_pyExport.cmake
[0.392s] -- Up-to-date: /home/pengyh/workspace/FreeAskAgent/closed_loop/ros2/install/simulator_messages/share/simulator_messages/cmake/export_simulator_messages__rosidl_generator_pyExport-noconfig.cmake
[0.392s] -- Up-to-date: /home/pengyh/workspace/FreeAskAgent/closed_loop/ros2/install/simulator_messages/share/simulator_messages/cmake/rosidl_cmake-extras.cmake
[0.392s] -- Up-to-date: /home/pengyh/workspace/FreeAskAgent/closed_loop/ros2/install/simulator_messages/share/simulator_messages/cmake/ament_cmake_export_dependencies-extras.cmake
[0.392s] -- Up-to-date: /home/pengyh/workspace/FreeAskAgent/closed_loop/ros2/install/simulator_messages/share/simulator_messages/cmake/ament_cmake_export_include_directories-extras.cmake
[0.392s] -- Up-to-date: /home/pengyh/workspace/FreeAskAgent/closed_loop/ros2/install/simulator_messages/share/simulator_messages/cmake/ament_cmake_export_libraries-extras.cmake
[0.392s] -- Up-to-date: /home/pengyh/workspace/FreeAskAgent/closed_loop/ros2/install/simulator_messages/share/simulator_messages/cmake/ament_cmake_export_targets-extras.cmake
[0.392s] -- Up-to-date: /home/pengyh/workspace/FreeAskAgent/closed_loop/ros2/install/simulator_messages/share/simulator_messages/cmake/rosidl_cmake_export_typesupport_targets-extras.cmake
[0.392s] -- Up-to-date: /home/pengyh/workspace/FreeAskAgent/closed_loop/ros2/install/simulator_messages/share/simulator_messages/cmake/rosidl_cmake_export_typesupport_libraries-extras.cmake
[0.392s] -- Up-to-date: /home/pengyh/workspace/FreeAskAgent/closed_loop/ros2/install/simulator_messages/share/simulator_messages/cmake/simulator_messagesConfig.cmake
[0.392s] -- Up-to-date: /home/pengyh/workspace/FreeAskAgent/closed_loop/ros2/install/simulator_messages/share/simulator_messages/cmake/simulator_messagesConfig-version.cmake
[0.392s] -- Up-to-date: /home/pengyh/workspace/FreeAskAgent/closed_loop/ros2/install/simulator_messages/share/simulator_messages/package.xml
[0.394s] Invoked command in '/home/pengyh/workspace/FreeAskAgent/closed_loop/ros2/build/simulator_messages' returned '0': DEBUGINFOD_URLS=https://debuginfod.ubuntu.com /usr/bin/cmake --install /home/pengyh/workspace/FreeAskAgent/closed_loop/ros2/build/simulator_messages
