[0.867s] Invoking command in '/home/pengyh/workspace/FreeAskAgent/closed_loop/ros2/src/ROS-TCP-Endpoint': DEBUGINFOD_URLS=https://debuginfod.ubuntu.com PYTHONPATH=/home/pengyh/workspace/FreeAskAgent/closed_loop/ros2/build/ros_tcp_endpoint/prefix_override:/usr/lib/python3/dist-packages/colcon_core/task/python/colcon_distutils_commands:/home/pengyh/workspace/FreeAskAgent/closed_loop/ros2/install/ros_tcp_endpoint/lib/python3.12/site-packages:${PYTHONPATH} /usr/bin/python3 -W ignore:setup.py install is deprecated -W ignore:easy_install command is deprecated setup.py egg_info --egg-base ../../build/ros_tcp_endpoint build --build-base /home/pengyh/workspace/FreeAskAgent/closed_loop/ros2/build/ros_tcp_endpoint/build install --record /home/pengyh/workspace/FreeAskAgent/closed_loop/ros2/build/ros_tcp_endpoint/install.log --install-scripts $base/lib/ros_tcp_endpoint --single-version-externally-managed install_data
[0.978s] /usr/lib/python3/dist-packages/setuptools/dist.py:744: SetuptoolsDeprecationWarning: Invalid dash-separated options
[0.978s] !!
[0.978s] 
[0.978s]         ********************************************************************************
[0.979s]         Usage of dash-separated 'script-dir' will not be supported in future
[0.979s]         versions. Please use the underscore name 'script_dir' instead.
[0.979s] 
[0.979s]         This deprecation is overdue, please update your project and remove deprecated
[0.979s]         calls to avoid build errors in the future.
[0.979s] 
[0.979s]         See https://setuptools.pypa.io/en/latest/userguide/declarative_config.html for details.
[0.979s]         ********************************************************************************
[0.979s] 
[0.979s] !!
[0.979s]   opt = self.warn_dash_deprecation(opt, section)
[1.068s] running egg_info
[1.078s] writing ../../build/ros_tcp_endpoint/ros_tcp_endpoint.egg-info/PKG-INFO
[1.078s] writing dependency_links to ../../build/ros_tcp_endpoint/ros_tcp_endpoint.egg-info/dependency_links.txt
[1.079s] writing entry points to ../../build/ros_tcp_endpoint/ros_tcp_endpoint.egg-info/entry_points.txt
[1.079s] writing requirements to ../../build/ros_tcp_endpoint/ros_tcp_endpoint.egg-info/requires.txt
[1.079s] writing top-level names to ../../build/ros_tcp_endpoint/ros_tcp_endpoint.egg-info/top_level.txt
[1.112s] reading manifest file '../../build/ros_tcp_endpoint/ros_tcp_endpoint.egg-info/SOURCES.txt'
[1.113s] adding license file 'LICENSE'
[1.113s] writing manifest file '../../build/ros_tcp_endpoint/ros_tcp_endpoint.egg-info/SOURCES.txt'
[1.113s] running build
[1.113s] running build_py
[1.113s] running install
[1.116s] running install_lib
[1.128s] running install_data
[1.128s] running install_egg_info
[1.140s] removing '/home/pengyh/workspace/FreeAskAgent/closed_loop/ros2/install/ros_tcp_endpoint/lib/python3.12/site-packages/ros_tcp_endpoint-0.0.1-py3.12.egg-info' (and everything under it)
[1.140s] Copying ../../build/ros_tcp_endpoint/ros_tcp_endpoint.egg-info to /home/pengyh/workspace/FreeAskAgent/closed_loop/ros2/install/ros_tcp_endpoint/lib/python3.12/site-packages/ros_tcp_endpoint-0.0.1-py3.12.egg-info
[1.141s] running install_scripts
[1.251s] Installing default_server_endpoint script to /home/pengyh/workspace/FreeAskAgent/closed_loop/ros2/install/ros_tcp_endpoint/lib/ros_tcp_endpoint
[1.251s] writing list of installed files to '/home/pengyh/workspace/FreeAskAgent/closed_loop/ros2/build/ros_tcp_endpoint/install.log'
[1.302s] Invoked command in '/home/pengyh/workspace/FreeAskAgent/closed_loop/ros2/src/ROS-TCP-Endpoint' returned '0': DEBUGINFOD_URLS=https://debuginfod.ubuntu.com PYTHONPATH=/home/pengyh/workspace/FreeAskAgent/closed_loop/ros2/build/ros_tcp_endpoint/prefix_override:/usr/lib/python3/dist-packages/colcon_core/task/python/colcon_distutils_commands:/home/pengyh/workspace/FreeAskAgent/closed_loop/ros2/install/ros_tcp_endpoint/lib/python3.12/site-packages:${PYTHONPATH} /usr/bin/python3 -W ignore:setup.py install is deprecated -W ignore:easy_install command is deprecated setup.py egg_info --egg-base ../../build/ros_tcp_endpoint build --build-base /home/pengyh/workspace/FreeAskAgent/closed_loop/ros2/build/ros_tcp_endpoint/build install --record /home/pengyh/workspace/FreeAskAgent/closed_loop/ros2/build/ros_tcp_endpoint/install.log --install-scripts $base/lib/ros_tcp_endpoint --single-version-externally-managed install_data
