[0.746s] Invoking command in '/home/pengyh/workspace/FreeAskAgent/closed_loop/ros2/src/vln_connector': CMAKE_PREFIX_PATH=/home/pengyh/workspace/FreeAskAgent/closed_loop/ros2/install/simulator_messages:${CMAKE_PREFIX_PATH} DEBUGINFOD_URLS=https://debuginfod.ubuntu.com LD_LIBRARY_PATH=/home/pengyh/workspace/FreeAskAgent/closed_loop/ros2/install/simulator_messages/lib:${LD_LIBRARY_PATH} PKG_CONFIG_PATH=/home/pengyh/workspace/FreeAskAgent/closed_loop/ros2/install/simulator_messages/lib/x86_64-linux-gnu/pkgconfig:/home/pengyh/workspace/FreeAskAgent/closed_loop/ros2/install/simulator_messages/lib/pkgconfig PYTHONPATH=/home/pengyh/workspace/FreeAskAgent/closed_loop/ros2/build/vln_connector/prefix_override:/usr/lib/python3/dist-packages/colcon_core/task/python/colcon_distutils_commands:/home/pengyh/workspace/FreeAskAgent/closed_loop/ros2/install/vln_connector/lib/python3.12/site-packages:/home/pengyh/workspace/FreeAskAgent/closed_loop/ros2/install/simulator_messages/lib/python3.12/site-packages:${PYTHONPATH} ROS_PACKAGE_PATH=/home/pengyh/workspace/FreeAskAgent/closed_loop/ros2/install/simulator_messages/share /usr/bin/python3 -W ignore:setup.py install is deprecated -W ignore:easy_install command is deprecated setup.py egg_info --egg-base ../../build/vln_connector build --build-base /home/pengyh/workspace/FreeAskAgent/closed_loop/ros2/build/vln_connector/build install --record /home/pengyh/workspace/FreeAskAgent/closed_loop/ros2/build/vln_connector/install.log --single-version-externally-managed
[0.898s] running egg_info
[0.913s] writing ../../build/vln_connector/vln_connector.egg-info/PKG-INFO
[0.913s] writing dependency_links to ../../build/vln_connector/vln_connector.egg-info/dependency_links.txt
[0.913s] writing entry points to ../../build/vln_connector/vln_connector.egg-info/entry_points.txt
[0.913s] writing requirements to ../../build/vln_connector/vln_connector.egg-info/requires.txt
[0.914s] writing top-level names to ../../build/vln_connector/vln_connector.egg-info/top_level.txt
[0.943s] reading manifest file '../../build/vln_connector/vln_connector.egg-info/SOURCES.txt'
[0.943s] writing manifest file '../../build/vln_connector/vln_connector.egg-info/SOURCES.txt'
[0.944s] running build
[0.944s] running build_py
[0.944s] copying vln_connector/agent_baseline.py -> /home/pengyh/workspace/FreeAskAgent/closed_loop/ros2/build/vln_connector/build/lib/vln_connector
[0.945s] running install
[0.948s] running install_lib
[0.959s] copying /home/pengyh/workspace/FreeAskAgent/closed_loop/ros2/build/vln_connector/build/lib/vln_connector/agent_baseline.py -> /home/pengyh/workspace/FreeAskAgent/closed_loop/ros2/install/vln_connector/lib/python3.12/site-packages/vln_connector
[0.959s] byte-compiling /home/pengyh/workspace/FreeAskAgent/closed_loop/ros2/install/vln_connector/lib/python3.12/site-packages/vln_connector/agent_baseline.py to agent_baseline.cpython-312.pyc
[0.962s] running install_egg_info
[0.972s] removing '/home/pengyh/workspace/FreeAskAgent/closed_loop/ros2/install/vln_connector/lib/python3.12/site-packages/vln_connector-0.0.1-py3.12.egg-info' (and everything under it)
[0.972s] Copying ../../build/vln_connector/vln_connector.egg-info to /home/pengyh/workspace/FreeAskAgent/closed_loop/ros2/install/vln_connector/lib/python3.12/site-packages/vln_connector-0.0.1-py3.12.egg-info
[0.973s] running install_scripts
[1.070s] Installing agent_baseline script to /home/pengyh/workspace/FreeAskAgent/closed_loop/ros2/install/vln_connector/lib/vln_connector
[1.070s] Installing agent_costmap script to /home/pengyh/workspace/FreeAskAgent/closed_loop/ros2/install/vln_connector/lib/vln_connector
[1.070s] Installing events script to /home/pengyh/workspace/FreeAskAgent/closed_loop/ros2/install/vln_connector/lib/vln_connector
[1.071s] Installing simple_baseline script to /home/pengyh/workspace/FreeAskAgent/closed_loop/ros2/install/vln_connector/lib/vln_connector
[1.071s] Installing utils script to /home/pengyh/workspace/FreeAskAgent/closed_loop/ros2/install/vln_connector/lib/vln_connector
[1.071s] Installing vln_connector script to /home/pengyh/workspace/FreeAskAgent/closed_loop/ros2/install/vln_connector/lib/vln_connector
[1.071s] writing list of installed files to '/home/pengyh/workspace/FreeAskAgent/closed_loop/ros2/build/vln_connector/install.log'
[1.100s] Invoked command in '/home/pengyh/workspace/FreeAskAgent/closed_loop/ros2/src/vln_connector' returned '0': CMAKE_PREFIX_PATH=/home/pengyh/workspace/FreeAskAgent/closed_loop/ros2/install/simulator_messages:${CMAKE_PREFIX_PATH} DEBUGINFOD_URLS=https://debuginfod.ubuntu.com LD_LIBRARY_PATH=/home/pengyh/workspace/FreeAskAgent/closed_loop/ros2/install/simulator_messages/lib:${LD_LIBRARY_PATH} PKG_CONFIG_PATH=/home/pengyh/workspace/FreeAskAgent/closed_loop/ros2/install/simulator_messages/lib/x86_64-linux-gnu/pkgconfig:/home/pengyh/workspace/FreeAskAgent/closed_loop/ros2/install/simulator_messages/lib/pkgconfig PYTHONPATH=/home/pengyh/workspace/FreeAskAgent/closed_loop/ros2/build/vln_connector/prefix_override:/usr/lib/python3/dist-packages/colcon_core/task/python/colcon_distutils_commands:/home/pengyh/workspace/FreeAskAgent/closed_loop/ros2/install/vln_connector/lib/python3.12/site-packages:/home/pengyh/workspace/FreeAskAgent/closed_loop/ros2/install/simulator_messages/lib/python3.12/site-packages:${PYTHONPATH} ROS_PACKAGE_PATH=/home/pengyh/workspace/FreeAskAgent/closed_loop/ros2/install/simulator_messages/share /usr/bin/python3 -W ignore:setup.py install is deprecated -W ignore:easy_install command is deprecated setup.py egg_info --egg-base ../../build/vln_connector build --build-base /home/pengyh/workspace/FreeAskAgent/closed_loop/ros2/build/vln_connector/build install --record /home/pengyh/workspace/FreeAskAgent/closed_loop/ros2/build/vln_connector/install.log --single-version-externally-managed
