[0.018s] Invoking command in '/home/pengyh/workspace/FreeAskAgent/closed_loop/ros2/build/simulator_messages': DEBUGINFOD_URLS=https://debuginfod.ubuntu.com /usr/bin/cmake --build /home/pengyh/workspace/FreeAskAgent/closed_loop/ros2/build/simulator_messages -- -j20 -l20
[0.190s] -- Found ament_cmake: 2.5.6 (/opt/ros/jazzy/share/ament_cmake/cmake)
[0.212s] -- Found Python3: /usr/bin/python3 (found version "3.12.3") found components: Interpreter 
[0.289s] -- Found rosidl_default_generators: 1.6.1 (/opt/ros/jazzy/share/rosidl_default_generators/cmake)
[0.294s] -- Using all available rosidl_typesupport_c: rosidl_typesupport_fastrtps_c;rosidl_typesupport_introspection_c
[0.401s] -- Using all available rosidl_typesupport_cpp: rosidl_typesupport_fastrtps_cpp;rosidl_typesupport_introspection_cpp
[0.445s] -- Found rosidl_adapter: 4.6.9 (/opt/ros/jazzy/share/rosidl_adapter/cmake)
[0.449s] -- Found std_msgs: 5.3.8 (/opt/ros/jazzy/share/std_msgs/cmake)
[0.653s] -- Found ament_cmake_ros: 0.12.1 (/opt/ros/jazzy/share/ament_cmake_ros/cmake)
[0.751s] -- Using all available rosidl_typesupport_c: rosidl_typesupport_fastrtps_c;rosidl_typesupport_introspection_c
[0.854s] -- Using all available rosidl_typesupport_cpp: rosidl_typesupport_fastrtps_cpp;rosidl_typesupport_introspection_cpp
[0.855s] -- Found python_cmake_module: 0.11.1 (/opt/ros/jazzy/share/python_cmake_module/cmake)
[1.076s] -- Found Python3: /usr/bin/python3 (found version "3.12.3") found components: Interpreter Development NumPy Development.Module Development.Embed 
[1.114s] -- Found Python3: /usr/bin/python3 (found version "3.12.3") found components: Interpreter 
[1.127s] -- Configuring done (1.0s)
[1.171s] -- Generating done (0.0s)
[1.179s] -- Build files have been written to: /home/pengyh/workspace/FreeAskAgent/closed_loop/ros2/build/simulator_messages
[1.207s] [  2%] [34m[1mGenerating Rust code for ROS interfaces[0m
[1.208s] [  5%] [34m[1mGenerating type hashes for ROS interfaces[0m
[1.217s] [  5%] Built target ament_cmake_python_copy_simulator_messages
[1.316s] [  5%] Built target simulator_messages__rosidl_generator_type_description
[1.323s] [  8%] [34m[1mGenerating C code for ROS interfaces[0m
[1.329s] [  8%] Built target simulator_messages__rs
[1.330s] [ 11%] [34m[1mGenerating C++ code for ROS interfaces[0m
[1.337s] running egg_info
[1.346s] writing simulator_messages.egg-info/PKG-INFO
[1.346s] writing dependency_links to simulator_messages.egg-info/dependency_links.txt
[1.347s] writing top-level names to simulator_messages.egg-info/top_level.txt
[1.373s] reading manifest file 'simulator_messages.egg-info/SOURCES.txt'
[1.374s] writing manifest file 'simulator_messages.egg-info/SOURCES.txt'
[1.390s] [ 11%] Built target ament_cmake_python_build_simulator_messages_egg
[1.455s] [ 11%] Built target simulator_messages__cpp
[1.479s] [ 20%] [32mBuilding C object CMakeFiles/simulator_messages__rosidl_generator_c.dir/rosidl_generator_c/simulator_messages/msg/detail/simulator_command__description.c.o[0m
[1.479s] [ 20%] [32mBuilding C object CMakeFiles/simulator_messages__rosidl_generator_c.dir/rosidl_generator_c/simulator_messages/msg/detail/simulator_command__functions.c.o[0m
[1.479s] [ 20%] [32mBuilding C object CMakeFiles/simulator_messages__rosidl_generator_c.dir/rosidl_generator_c/simulator_messages/msg/detail/simulator_command__type_support.c.o[0m
[1.605s] [ 22%] [32m[1mLinking C shared library libsimulator_messages__rosidl_generator_c.so[0m
[1.692s] [ 22%] Built target simulator_messages__rosidl_generator_c
[1.699s] [ 31%] [34m[1mGenerating C type support for eProsima Fast-RTPS[0m
[1.699s] [ 31%] [34m[1mGenerating C++ type support dispatch for ROS interfaces[0m
[1.699s] [ 31%] [34m[1mGenerating C type support dispatch for ROS interfaces[0m
[1.700s] [ 34%] [34m[1mGenerating C++ type support for eProsima Fast-RTPS[0m
[1.700s] [ 37%] [34m[1mGenerating C++ introspection for ROS interfaces[0m
[1.700s] [ 40%] [34m[1mGenerating C introspection for ROS interfaces[0m
[1.830s] [ 42%] [32mBuilding CXX object CMakeFiles/simulator_messages__rosidl_typesupport_c.dir/rosidl_typesupport_c/simulator_messages/msg/simulator_command__type_support.cpp.o[0m
[1.834s] [ 45%] [32mBuilding CXX object CMakeFiles/simulator_messages__rosidl_typesupport_cpp.dir/rosidl_typesupport_cpp/simulator_messages/msg/simulator_command__type_support.cpp.o[0m
[1.837s] [ 48%] [32mBuilding C object CMakeFiles/simulator_messages__rosidl_typesupport_introspection_c.dir/rosidl_typesupport_introspection_c/simulator_messages/msg/detail/simulator_command__type_support.c.o[0m
[1.839s] [ 51%] [32mBuilding CXX object CMakeFiles/simulator_messages__rosidl_typesupport_introspection_cpp.dir/rosidl_typesupport_introspection_cpp/simulator_messages/msg/detail/simulator_command__type_support.cpp.o[0m
[1.859s] [ 57%] [32mBuilding CXX object CMakeFiles/simulator_messages__rosidl_typesupport_fastrtps_c.dir/rosidl_typesupport_fastrtps_c/simulator_messages/msg/detail/simulator_command__type_support_c.cpp.o[0m
[1.859s] [ 57%] [32mBuilding CXX object CMakeFiles/simulator_messages__rosidl_typesupport_fastrtps_cpp.dir/rosidl_typesupport_fastrtps_cpp/simulator_messages/msg/detail/dds_fastrtps/simulator_command__type_support.cpp.o[0m
[1.866s] [ 60%] [32m[1mLinking C shared library libsimulator_messages__rosidl_typesupport_introspection_c.so[0m
[1.915s] [ 62%] [32m[1mLinking CXX shared library libsimulator_messages__rosidl_typesupport_c.so[0m
[1.939s] [ 62%] Built target simulator_messages__rosidl_typesupport_introspection_c
[1.992s] [ 62%] Built target simulator_messages__rosidl_typesupport_c
[2.058s] [ 65%] [32m[1mLinking CXX shared library libsimulator_messages__rosidl_typesupport_cpp.so[0m
[2.066s] [ 68%] [32m[1mLinking CXX shared library libsimulator_messages__rosidl_typesupport_introspection_cpp.so[0m
[2.125s] [ 68%] Built target simulator_messages__rosidl_typesupport_cpp
[2.144s] [ 68%] Built target simulator_messages__rosidl_typesupport_introspection_cpp
[2.145s] [ 71%] [32m[1mLinking CXX shared library libsimulator_messages__rosidl_typesupport_fastrtps_cpp.so[0m
[2.145s] [ 74%] [32m[1mLinking CXX shared library libsimulator_messages__rosidl_typesupport_fastrtps_c.so[0m
[2.214s] [ 74%] Built target simulator_messages__rosidl_typesupport_fastrtps_c
[2.215s] [ 74%] Built target simulator_messages__rosidl_typesupport_fastrtps_cpp
[2.228s] [ 74%] Built target simulator_messages
[2.242s] [ 77%] [34m[1mGenerating Python code for ROS interfaces[0m
[2.386s] [ 77%] Built target simulator_messages__py
[2.406s] [ 80%] [32mBuilding C object CMakeFiles/simulator_messages__rosidl_generator_py.dir/rosidl_generator_py/simulator_messages/msg/_simulator_command_s.c.o[0m
[2.509s] [ 82%] [32m[1mLinking C shared library libsimulator_messages__rosidl_generator_py.so[0m
[2.574s] [ 82%] Built target simulator_messages__rosidl_generator_py
[2.590s] [ 91%] [32mBuilding C object CMakeFiles/simulator_messages_s__rosidl_typesupport_introspection_c.dir/rosidl_generator_py/simulator_messages/_simulator_messages_s.ep.rosidl_typesupport_introspection_c.c.o[0m
[2.590s] [ 91%] [32mBuilding C object CMakeFiles/simulator_messages_s__rosidl_typesupport_fastrtps_c.dir/rosidl_generator_py/simulator_messages/_simulator_messages_s.ep.rosidl_typesupport_fastrtps_c.c.o[0m
[2.590s] [ 91%] [32mBuilding C object CMakeFiles/simulator_messages_s__rosidl_typesupport_c.dir/rosidl_generator_py/simulator_messages/_simulator_messages_s.ep.rosidl_typesupport_c.c.o[0m
[2.640s] [ 97%] [32m[1mLinking C shared module rosidl_generator_py/simulator_messages/simulator_messages_s__rosidl_typesupport_introspection_c.so[0m
[2.641s] [ 97%] [32m[1mLinking C shared module rosidl_generator_py/simulator_messages/simulator_messages_s__rosidl_typesupport_c.so[0m
[2.642s] [100%] [32m[1mLinking C shared module rosidl_generator_py/simulator_messages/simulator_messages_s__rosidl_typesupport_fastrtps_c.so[0m
[2.685s] [100%] Built target simulator_messages_s__rosidl_typesupport_c
[2.685s] [100%] Built target simulator_messages_s__rosidl_typesupport_introspection_c
[2.685s] [100%] Built target simulator_messages_s__rosidl_typesupport_fastrtps_c
[2.693s] Invoked command in '/home/pengyh/workspace/FreeAskAgent/closed_loop/ros2/build/simulator_messages' returned '0': DEBUGINFOD_URLS=https://debuginfod.ubuntu.com /usr/bin/cmake --build /home/pengyh/workspace/FreeAskAgent/closed_loop/ros2/build/simulator_messages -- -j20 -l20
[2.701s] Invoking command in '/home/pengyh/workspace/FreeAskAgent/closed_loop/ros2/build/simulator_messages': DEBUGINFOD_URLS=https://debuginfod.ubuntu.com /usr/bin/cmake --install /home/pengyh/workspace/FreeAskAgent/closed_loop/ros2/build/simulator_messages
[2.706s] -- Install configuration: ""
[2.706s] -- Up-to-date: /home/pengyh/workspace/FreeAskAgent/closed_loop/ros2/install/simulator_messages/share/ament_index/resource_index/rosidl_interfaces/simulator_messages
[2.706s] -- Installing: /home/pengyh/workspace/FreeAskAgent/closed_loop/ros2/install/simulator_messages/share/simulator_messages/msg/SimulatorCommand.json
[2.706s] -- Up-to-date: /home/pengyh/workspace/FreeAskAgent/closed_loop/ros2/install/simulator_messages/include/simulator_messages/simulator_messages
[2.706s] -- Up-to-date: /home/pengyh/workspace/FreeAskAgent/closed_loop/ros2/install/simulator_messages/include/simulator_messages/simulator_messages/msg
[2.706s] -- Up-to-date: /home/pengyh/workspace/FreeAskAgent/closed_loop/ros2/install/simulator_messages/include/simulator_messages/simulator_messages/msg/detail
[2.706s] -- Installing: /home/pengyh/workspace/FreeAskAgent/closed_loop/ros2/install/simulator_messages/include/simulator_messages/simulator_messages/msg/detail/simulator_command__functions.c
[2.707s] -- Installing: /home/pengyh/workspace/FreeAskAgent/closed_loop/ros2/install/simulator_messages/include/simulator_messages/simulator_messages/msg/detail/simulator_command__type_support.c
[2.707s] -- Installing: /home/pengyh/workspace/FreeAskAgent/closed_loop/ros2/install/simulator_messages/include/simulator_messages/simulator_messages/msg/detail/simulator_command__type_support.h
[2.707s] -- Installing: /home/pengyh/workspace/FreeAskAgent/closed_loop/ros2/install/simulator_messages/include/simulator_messages/simulator_messages/msg/detail/simulator_command__description.c
[2.707s] -- Installing: /home/pengyh/workspace/FreeAskAgent/closed_loop/ros2/install/simulator_messages/include/simulator_messages/simulator_messages/msg/detail/simulator_command__struct.h
[2.707s] -- Installing: /home/pengyh/workspace/FreeAskAgent/closed_loop/ros2/install/simulator_messages/include/simulator_messages/simulator_messages/msg/detail/simulator_command__functions.h
[2.707s] -- Installing: /home/pengyh/workspace/FreeAskAgent/closed_loop/ros2/install/simulator_messages/include/simulator_messages/simulator_messages/msg/simulator_command.h
[2.707s] -- Up-to-date: /home/pengyh/workspace/FreeAskAgent/closed_loop/ros2/install/simulator_messages/include/simulator_messages/simulator_messages/msg/rosidl_generator_c__visibility_control.h
[2.707s] -- Installing: /home/pengyh/workspace/FreeAskAgent/closed_loop/ros2/install/simulator_messages/share/simulator_messages/environment/library_path.sh
[2.707s] -- Up-to-date: /home/pengyh/workspace/FreeAskAgent/closed_loop/ros2/install/simulator_messages/share/simulator_messages/environment/library_path.dsv
[2.708s] -- Installing: /home/pengyh/workspace/FreeAskAgent/closed_loop/ros2/install/simulator_messages/lib/libsimulator_messages__rosidl_generator_c.so
[2.708s] -- Set non-toolchain portion of runtime path of "/home/pengyh/workspace/FreeAskAgent/closed_loop/ros2/install/simulator_messages/lib/libsimulator_messages__rosidl_generator_c.so" to ""
[2.708s] -- Up-to-date: /home/pengyh/workspace/FreeAskAgent/closed_loop/ros2/install/simulator_messages/include/simulator_messages/simulator_messages
[2.708s] -- Up-to-date: /home/pengyh/workspace/FreeAskAgent/closed_loop/ros2/install/simulator_messages/include/simulator_messages/simulator_messages/msg
[2.708s] -- Up-to-date: /home/pengyh/workspace/FreeAskAgent/closed_loop/ros2/install/simulator_messages/include/simulator_messages/simulator_messages/msg/rosidl_typesupport_fastrtps_c__visibility_control.h
[2.708s] -- Up-to-date: /home/pengyh/workspace/FreeAskAgent/closed_loop/ros2/install/simulator_messages/include/simulator_messages/simulator_messages/msg/detail
[2.708s] -- Installing: /home/pengyh/workspace/FreeAskAgent/closed_loop/ros2/install/simulator_messages/include/simulator_messages/simulator_messages/msg/detail/simulator_command__rosidl_typesupport_fastrtps_c.h
[2.708s] -- Installing: /home/pengyh/workspace/FreeAskAgent/closed_loop/ros2/install/simulator_messages/lib/libsimulator_messages__rosidl_typesupport_fastrtps_c.so
[2.709s] -- Set non-toolchain portion of runtime path of "/home/pengyh/workspace/FreeAskAgent/closed_loop/ros2/install/simulator_messages/lib/libsimulator_messages__rosidl_typesupport_fastrtps_c.so" to ""
[2.709s] -- Up-to-date: /home/pengyh/workspace/FreeAskAgent/closed_loop/ros2/install/simulator_messages/include/simulator_messages/simulator_messages
[2.709s] -- Up-to-date: /home/pengyh/workspace/FreeAskAgent/closed_loop/ros2/install/simulator_messages/include/simulator_messages/simulator_messages/msg
[2.709s] -- Up-to-date: /home/pengyh/workspace/FreeAskAgent/closed_loop/ros2/install/simulator_messages/include/simulator_messages/simulator_messages/msg/rosidl_typesupport_introspection_c__visibility_control.h
[2.709s] -- Up-to-date: /home/pengyh/workspace/FreeAskAgent/closed_loop/ros2/install/simulator_messages/include/simulator_messages/simulator_messages/msg/detail
[2.709s] -- Up-to-date: /home/pengyh/workspace/FreeAskAgent/closed_loop/ros2/install/simulator_messages/include/simulator_messages/simulator_messages/msg/detail/simulator_command__type_support.c
[2.709s] -- Installing: /home/pengyh/workspace/FreeAskAgent/closed_loop/ros2/install/simulator_messages/include/simulator_messages/simulator_messages/msg/detail/simulator_command__rosidl_typesupport_introspection_c.h
[2.709s] -- Installing: /home/pengyh/workspace/FreeAskAgent/closed_loop/ros2/install/simulator_messages/lib/libsimulator_messages__rosidl_typesupport_introspection_c.so
[2.709s] -- Set non-toolchain portion of runtime path of "/home/pengyh/workspace/FreeAskAgent/closed_loop/ros2/install/simulator_messages/lib/libsimulator_messages__rosidl_typesupport_introspection_c.so" to ""
[2.710s] -- Installing: /home/pengyh/workspace/FreeAskAgent/closed_loop/ros2/install/simulator_messages/lib/libsimulator_messages__rosidl_typesupport_c.so
[2.710s] -- Set non-toolchain portion of runtime path of "/home/pengyh/workspace/FreeAskAgent/closed_loop/ros2/install/simulator_messages/lib/libsimulator_messages__rosidl_typesupport_c.so" to ""
[2.710s] -- Up-to-date: /home/pengyh/workspace/FreeAskAgent/closed_loop/ros2/install/simulator_messages/include/simulator_messages/simulator_messages
[2.710s] -- Up-to-date: /home/pengyh/workspace/FreeAskAgent/closed_loop/ros2/install/simulator_messages/include/simulator_messages/simulator_messages/msg
[2.710s] -- Installing: /home/pengyh/workspace/FreeAskAgent/closed_loop/ros2/install/simulator_messages/include/simulator_messages/simulator_messages/msg/rosidl_generator_cpp__visibility_control.hpp
[2.710s] -- Installing: /home/pengyh/workspace/FreeAskAgent/closed_loop/ros2/install/simulator_messages/include/simulator_messages/simulator_messages/msg/simulator_command.hpp
[2.710s] -- Up-to-date: /home/pengyh/workspace/FreeAskAgent/closed_loop/ros2/install/simulator_messages/include/simulator_messages/simulator_messages/msg/detail
[2.710s] -- Installing: /home/pengyh/workspace/FreeAskAgent/closed_loop/ros2/install/simulator_messages/include/simulator_messages/simulator_messages/msg/detail/simulator_command__traits.hpp
[2.710s] -- Installing: /home/pengyh/workspace/FreeAskAgent/closed_loop/ros2/install/simulator_messages/include/simulator_messages/simulator_messages/msg/detail/simulator_command__struct.hpp
[2.710s] -- Installing: /home/pengyh/workspace/FreeAskAgent/closed_loop/ros2/install/simulator_messages/include/simulator_messages/simulator_messages/msg/detail/simulator_command__builder.hpp
[2.710s] -- Installing: /home/pengyh/workspace/FreeAskAgent/closed_loop/ros2/install/simulator_messages/include/simulator_messages/simulator_messages/msg/detail/simulator_command__type_support.hpp
[2.710s] -- Up-to-date: /home/pengyh/workspace/FreeAskAgent/closed_loop/ros2/install/simulator_messages/include/simulator_messages/simulator_messages
[2.710s] -- Up-to-date: /home/pengyh/workspace/FreeAskAgent/closed_loop/ros2/install/simulator_messages/include/simulator_messages/simulator_messages/msg
[2.710s] -- Up-to-date: /home/pengyh/workspace/FreeAskAgent/closed_loop/ros2/install/simulator_messages/include/simulator_messages/simulator_messages/msg/rosidl_typesupport_fastrtps_cpp__visibility_control.h
[2.710s] -- Up-to-date: /home/pengyh/workspace/FreeAskAgent/closed_loop/ros2/install/simulator_messages/include/simulator_messages/simulator_messages/msg/detail
[2.710s] -- Up-to-date: /home/pengyh/workspace/FreeAskAgent/closed_loop/ros2/install/simulator_messages/include/simulator_messages/simulator_messages/msg/detail/dds_fastrtps
[2.710s] -- Installing: /home/pengyh/workspace/FreeAskAgent/closed_loop/ros2/install/simulator_messages/include/simulator_messages/simulator_messages/msg/detail/simulator_command__rosidl_typesupport_fastrtps_cpp.hpp
[2.711s] -- Installing: /home/pengyh/workspace/FreeAskAgent/closed_loop/ros2/install/simulator_messages/lib/libsimulator_messages__rosidl_typesupport_fastrtps_cpp.so
[2.711s] -- Set non-toolchain portion of runtime path of "/home/pengyh/workspace/FreeAskAgent/closed_loop/ros2/install/simulator_messages/lib/libsimulator_messages__rosidl_typesupport_fastrtps_cpp.so" to ""
[2.711s] -- Up-to-date: /home/pengyh/workspace/FreeAskAgent/closed_loop/ros2/install/simulator_messages/include/simulator_messages/simulator_messages
[2.711s] -- Up-to-date: /home/pengyh/workspace/FreeAskAgent/closed_loop/ros2/install/simulator_messages/include/simulator_messages/simulator_messages/msg
[2.711s] -- Up-to-date: /home/pengyh/workspace/FreeAskAgent/closed_loop/ros2/install/simulator_messages/include/simulator_messages/simulator_messages/msg/detail
[2.711s] -- Installing: /home/pengyh/workspace/FreeAskAgent/closed_loop/ros2/install/simulator_messages/include/simulator_messages/simulator_messages/msg/detail/simulator_command__type_support.cpp
[2.711s] -- Installing: /home/pengyh/workspace/FreeAskAgent/closed_loop/ros2/install/simulator_messages/include/simulator_messages/simulator_messages/msg/detail/simulator_command__rosidl_typesupport_introspection_cpp.hpp
[2.711s] -- Installing: /home/pengyh/workspace/FreeAskAgent/closed_loop/ros2/install/simulator_messages/lib/libsimulator_messages__rosidl_typesupport_introspection_cpp.so
[2.712s] -- Set non-toolchain portion of runtime path of "/home/pengyh/workspace/FreeAskAgent/closed_loop/ros2/install/simulator_messages/lib/libsimulator_messages__rosidl_typesupport_introspection_cpp.so" to ""
[2.712s] -- Installing: /home/pengyh/workspace/FreeAskAgent/closed_loop/ros2/install/simulator_messages/lib/libsimulator_messages__rosidl_typesupport_cpp.so
[2.712s] -- Set non-toolchain portion of runtime path of "/home/pengyh/workspace/FreeAskAgent/closed_loop/ros2/install/simulator_messages/lib/libsimulator_messages__rosidl_typesupport_cpp.so" to ""
[2.712s] -- Up-to-date: /home/pengyh/workspace/FreeAskAgent/closed_loop/ros2/install/simulator_messages/share/simulator_messages/environment/pythonpath.sh
[2.712s] -- Up-to-date: /home/pengyh/workspace/FreeAskAgent/closed_loop/ros2/install/simulator_messages/share/simulator_messages/environment/pythonpath.dsv
[2.712s] -- Up-to-date: /home/pengyh/workspace/FreeAskAgent/closed_loop/ros2/install/simulator_messages/lib/python3.12/site-packages/simulator_messages-0.0.0-py3.12.egg-info
[2.712s] -- Installing: /home/pengyh/workspace/FreeAskAgent/closed_loop/ros2/install/simulator_messages/lib/python3.12/site-packages/simulator_messages-0.0.0-py3.12.egg-info/top_level.txt
[2.712s] -- Installing: /home/pengyh/workspace/FreeAskAgent/closed_loop/ros2/install/simulator_messages/lib/python3.12/site-packages/simulator_messages-0.0.0-py3.12.egg-info/PKG-INFO
[2.712s] -- Installing: /home/pengyh/workspace/FreeAskAgent/closed_loop/ros2/install/simulator_messages/lib/python3.12/site-packages/simulator_messages-0.0.0-py3.12.egg-info/SOURCES.txt
[2.712s] -- Installing: /home/pengyh/workspace/FreeAskAgent/closed_loop/ros2/install/simulator_messages/lib/python3.12/site-packages/simulator_messages-0.0.0-py3.12.egg-info/dependency_links.txt
[2.712s] -- Up-to-date: /home/pengyh/workspace/FreeAskAgent/closed_loop/ros2/install/simulator_messages/lib/python3.12/site-packages/simulator_messages
[2.712s] -- Installing: /home/pengyh/workspace/FreeAskAgent/closed_loop/ros2/install/simulator_messages/lib/python3.12/site-packages/simulator_messages/_simulator_messages_s.ep.rosidl_typesupport_introspection_c.c
[2.713s] -- Up-to-date: /home/pengyh/workspace/FreeAskAgent/closed_loop/ros2/install/simulator_messages/lib/python3.12/site-packages/simulator_messages/msg
[2.713s] -- Installing: /home/pengyh/workspace/FreeAskAgent/closed_loop/ros2/install/simulator_messages/lib/python3.12/site-packages/simulator_messages/msg/_simulator_command_s.c
[2.713s] -- Installing: /home/pengyh/workspace/FreeAskAgent/closed_loop/ros2/install/simulator_messages/lib/python3.12/site-packages/simulator_messages/msg/__init__.py
[2.713s] -- Installing: /home/pengyh/workspace/FreeAskAgent/closed_loop/ros2/install/simulator_messages/lib/python3.12/site-packages/simulator_messages/msg/_simulator_command.py
[2.713s] -- Installing: /home/pengyh/workspace/FreeAskAgent/closed_loop/ros2/install/simulator_messages/lib/python3.12/site-packages/simulator_messages/simulator_messages_s__rosidl_typesupport_c.so
[2.713s] -- Installing: /home/pengyh/workspace/FreeAskAgent/closed_loop/ros2/install/simulator_messages/lib/python3.12/site-packages/simulator_messages/simulator_messages_s__rosidl_typesupport_introspection_c.so
[2.713s] -- Installing: /home/pengyh/workspace/FreeAskAgent/closed_loop/ros2/install/simulator_messages/lib/python3.12/site-packages/simulator_messages/__init__.py
[2.713s] -- Installing: /home/pengyh/workspace/FreeAskAgent/closed_loop/ros2/install/simulator_messages/lib/python3.12/site-packages/simulator_messages/_simulator_messages_s.ep.rosidl_typesupport_fastrtps_c.c
[2.713s] -- Installing: /home/pengyh/workspace/FreeAskAgent/closed_loop/ros2/install/simulator_messages/lib/python3.12/site-packages/simulator_messages/_simulator_messages_s.ep.rosidl_typesupport_c.c
[2.713s] -- Installing: /home/pengyh/workspace/FreeAskAgent/closed_loop/ros2/install/simulator_messages/lib/python3.12/site-packages/simulator_messages/simulator_messages_s__rosidl_typesupport_fastrtps_c.so
[2.740s] Listing '/home/pengyh/workspace/FreeAskAgent/closed_loop/ros2/install/simulator_messages/lib/python3.12/site-packages/simulator_messages'...
[2.740s] Compiling '/home/pengyh/workspace/FreeAskAgent/closed_loop/ros2/install/simulator_messages/lib/python3.12/site-packages/simulator_messages/__init__.py'...
[2.740s] Listing '/home/pengyh/workspace/FreeAskAgent/closed_loop/ros2/install/simulator_messages/lib/python3.12/site-packages/simulator_messages/msg'...
[2.740s] Compiling '/home/pengyh/workspace/FreeAskAgent/closed_loop/ros2/install/simulator_messages/lib/python3.12/site-packages/simulator_messages/msg/__init__.py'...
[2.740s] Compiling '/home/pengyh/workspace/FreeAskAgent/closed_loop/ros2/install/simulator_messages/lib/python3.12/site-packages/simulator_messages/msg/_simulator_command.py'...
[2.744s] -- Installing: /home/pengyh/workspace/FreeAskAgent/closed_loop/ros2/install/simulator_messages/lib/python3.12/site-packages/simulator_messages/simulator_messages_s__rosidl_typesupport_fastrtps_c.so
[2.744s] -- Set non-toolchain portion of runtime path of "/home/pengyh/workspace/FreeAskAgent/closed_loop/ros2/install/simulator_messages/lib/python3.12/site-packages/simulator_messages/simulator_messages_s__rosidl_typesupport_fastrtps_c.so" to ""
[2.744s] -- Installing: /home/pengyh/workspace/FreeAskAgent/closed_loop/ros2/install/simulator_messages/lib/python3.12/site-packages/simulator_messages/simulator_messages_s__rosidl_typesupport_introspection_c.so
[2.744s] -- Set non-toolchain portion of runtime path of "/home/pengyh/workspace/FreeAskAgent/closed_loop/ros2/install/simulator_messages/lib/python3.12/site-packages/simulator_messages/simulator_messages_s__rosidl_typesupport_introspection_c.so" to ""
[2.744s] -- Installing: /home/pengyh/workspace/FreeAskAgent/closed_loop/ros2/install/simulator_messages/lib/python3.12/site-packages/simulator_messages/simulator_messages_s__rosidl_typesupport_c.so
[2.744s] -- Set non-toolchain portion of runtime path of "/home/pengyh/workspace/FreeAskAgent/closed_loop/ros2/install/simulator_messages/lib/python3.12/site-packages/simulator_messages/simulator_messages_s__rosidl_typesupport_c.so" to ""
[2.745s] -- Installing: /home/pengyh/workspace/FreeAskAgent/closed_loop/ros2/install/simulator_messages/lib/libsimulator_messages__rosidl_generator_py.so
[2.745s] -- Set non-toolchain portion of runtime path of "/home/pengyh/workspace/FreeAskAgent/closed_loop/ros2/install/simulator_messages/lib/libsimulator_messages__rosidl_generator_py.so" to ""
[2.745s] -- Installing: /home/pengyh/workspace/FreeAskAgent/closed_loop/ros2/install/simulator_messages/share/ament_index/resource_index/rust_packages/simulator_messages
[2.745s] -- Installing: /home/pengyh/workspace/FreeAskAgent/closed_loop/ros2/install/simulator_messages/share/simulator_messages/rust
[2.745s] -- Installing: /home/pengyh/workspace/FreeAskAgent/closed_loop/ros2/install/simulator_messages/share/simulator_messages/rust/Cargo.toml
[2.745s] -- Installing: /home/pengyh/workspace/FreeAskAgent/closed_loop/ros2/install/simulator_messages/share/simulator_messages/rust/build.rs
[2.745s] -- Installing: /home/pengyh/workspace/FreeAskAgent/closed_loop/ros2/install/simulator_messages/share/simulator_messages/rust/src
[2.746s] -- Installing: /home/pengyh/workspace/FreeAskAgent/closed_loop/ros2/install/simulator_messages/share/simulator_messages/rust/src/msg
[2.746s] -- Installing: /home/pengyh/workspace/FreeAskAgent/closed_loop/ros2/install/simulator_messages/share/simulator_messages/rust/src/msg/rmw.rs
[2.746s] -- Installing: /home/pengyh/workspace/FreeAskAgent/closed_loop/ros2/install/simulator_messages/share/simulator_messages/rust/src/lib.rs
[2.746s] -- Installing: /home/pengyh/workspace/FreeAskAgent/closed_loop/ros2/install/simulator_messages/share/simulator_messages/rust/src/msg.rs
[2.746s] -- Up-to-date: /home/pengyh/workspace/FreeAskAgent/closed_loop/ros2/install/simulator_messages/share/simulator_messages/msg/SimulatorCommand.idl
[2.746s] -- Up-to-date: /home/pengyh/workspace/FreeAskAgent/closed_loop/ros2/install/simulator_messages/share/simulator_messages/msg/SimulatorCommand.msg
[2.746s] -- Up-to-date: /home/pengyh/workspace/FreeAskAgent/closed_loop/ros2/install/simulator_messages/share/ament_index/resource_index/package_run_dependencies/simulator_messages
[2.746s] -- Up-to-date: /home/pengyh/workspace/FreeAskAgent/closed_loop/ros2/install/simulator_messages/share/ament_index/resource_index/parent_prefix_path/simulator_messages
[2.746s] -- Installing: /home/pengyh/workspace/FreeAskAgent/closed_loop/ros2/install/simulator_messages/share/simulator_messages/environment/ament_prefix_path.sh
[2.747s] -- Up-to-date: /home/pengyh/workspace/FreeAskAgent/closed_loop/ros2/install/simulator_messages/share/simulator_messages/environment/ament_prefix_path.dsv
[2.747s] -- Installing: /home/pengyh/workspace/FreeAskAgent/closed_loop/ros2/install/simulator_messages/share/simulator_messages/environment/path.sh
[2.747s] -- Up-to-date: /home/pengyh/workspace/FreeAskAgent/closed_loop/ros2/install/simulator_messages/share/simulator_messages/environment/path.dsv
[2.747s] -- Up-to-date: /home/pengyh/workspace/FreeAskAgent/closed_loop/ros2/install/simulator_messages/share/simulator_messages/local_setup.bash
[2.747s] -- Up-to-date: /home/pengyh/workspace/FreeAskAgent/closed_loop/ros2/install/simulator_messages/share/simulator_messages/local_setup.sh
[2.747s] -- Up-to-date: /home/pengyh/workspace/FreeAskAgent/closed_loop/ros2/install/simulator_messages/share/simulator_messages/local_setup.zsh
[2.747s] -- Up-to-date: /home/pengyh/workspace/FreeAskAgent/closed_loop/ros2/install/simulator_messages/share/simulator_messages/local_setup.dsv
[2.747s] -- Installing: /home/pengyh/workspace/FreeAskAgent/closed_loop/ros2/install/simulator_messages/share/simulator_messages/package.dsv
[2.747s] -- Up-to-date: /home/pengyh/workspace/FreeAskAgent/closed_loop/ros2/install/simulator_messages/share/ament_index/resource_index/packages/simulator_messages
[2.747s] -- Up-to-date: /home/pengyh/workspace/FreeAskAgent/closed_loop/ros2/install/simulator_messages/share/simulator_messages/cmake/export_simulator_messages__rosidl_generator_cExport.cmake
[2.747s] -- Up-to-date: /home/pengyh/workspace/FreeAskAgent/closed_loop/ros2/install/simulator_messages/share/simulator_messages/cmake/export_simulator_messages__rosidl_generator_cExport-noconfig.cmake
[2.747s] -- Up-to-date: /home/pengyh/workspace/FreeAskAgent/closed_loop/ros2/install/simulator_messages/share/simulator_messages/cmake/export_simulator_messages__rosidl_typesupport_fastrtps_cExport.cmake
[2.747s] -- Up-to-date: /home/pengyh/workspace/FreeAskAgent/closed_loop/ros2/install/simulator_messages/share/simulator_messages/cmake/export_simulator_messages__rosidl_typesupport_fastrtps_cExport-noconfig.cmake
[2.747s] -- Up-to-date: /home/pengyh/workspace/FreeAskAgent/closed_loop/ros2/install/simulator_messages/share/simulator_messages/cmake/simulator_messages__rosidl_typesupport_introspection_cExport.cmake
[2.747s] -- Up-to-date: /home/pengyh/workspace/FreeAskAgent/closed_loop/ros2/install/simulator_messages/share/simulator_messages/cmake/simulator_messages__rosidl_typesupport_introspection_cExport-noconfig.cmake
[2.747s] -- Up-to-date: /home/pengyh/workspace/FreeAskAgent/closed_loop/ros2/install/simulator_messages/share/simulator_messages/cmake/simulator_messages__rosidl_typesupport_cExport.cmake
[2.748s] -- Up-to-date: /home/pengyh/workspace/FreeAskAgent/closed_loop/ros2/install/simulator_messages/share/simulator_messages/cmake/simulator_messages__rosidl_typesupport_cExport-noconfig.cmake
[2.748s] -- Up-to-date: /home/pengyh/workspace/FreeAskAgent/closed_loop/ros2/install/simulator_messages/share/simulator_messages/cmake/export_simulator_messages__rosidl_generator_cppExport.cmake
[2.748s] -- Up-to-date: /home/pengyh/workspace/FreeAskAgent/closed_loop/ros2/install/simulator_messages/share/simulator_messages/cmake/export_simulator_messages__rosidl_typesupport_fastrtps_cppExport.cmake
[2.748s] -- Up-to-date: /home/pengyh/workspace/FreeAskAgent/closed_loop/ros2/install/simulator_messages/share/simulator_messages/cmake/export_simulator_messages__rosidl_typesupport_fastrtps_cppExport-noconfig.cmake
[2.748s] -- Up-to-date: /home/pengyh/workspace/FreeAskAgent/closed_loop/ros2/install/simulator_messages/share/simulator_messages/cmake/simulator_messages__rosidl_typesupport_introspection_cppExport.cmake
[2.748s] -- Up-to-date: /home/pengyh/workspace/FreeAskAgent/closed_loop/ros2/install/simulator_messages/share/simulator_messages/cmake/simulator_messages__rosidl_typesupport_introspection_cppExport-noconfig.cmake
[2.748s] -- Up-to-date: /home/pengyh/workspace/FreeAskAgent/closed_loop/ros2/install/simulator_messages/share/simulator_messages/cmake/simulator_messages__rosidl_typesupport_cppExport.cmake
[2.748s] -- Up-to-date: /home/pengyh/workspace/FreeAskAgent/closed_loop/ros2/install/simulator_messages/share/simulator_messages/cmake/simulator_messages__rosidl_typesupport_cppExport-noconfig.cmake
[2.748s] -- Up-to-date: /home/pengyh/workspace/FreeAskAgent/closed_loop/ros2/install/simulator_messages/share/simulator_messages/cmake/export_simulator_messages__rosidl_generator_pyExport.cmake
[2.749s] -- Up-to-date: /home/pengyh/workspace/FreeAskAgent/closed_loop/ros2/install/simulator_messages/share/simulator_messages/cmake/export_simulator_messages__rosidl_generator_pyExport-noconfig.cmake
[2.749s] -- Up-to-date: /home/pengyh/workspace/FreeAskAgent/closed_loop/ros2/install/simulator_messages/share/simulator_messages/cmake/rosidl_cmake-extras.cmake
[2.749s] -- Up-to-date: /home/pengyh/workspace/FreeAskAgent/closed_loop/ros2/install/simulator_messages/share/simulator_messages/cmake/ament_cmake_export_dependencies-extras.cmake
[2.749s] -- Up-to-date: /home/pengyh/workspace/FreeAskAgent/closed_loop/ros2/install/simulator_messages/share/simulator_messages/cmake/ament_cmake_export_include_directories-extras.cmake
[2.749s] -- Up-to-date: /home/pengyh/workspace/FreeAskAgent/closed_loop/ros2/install/simulator_messages/share/simulator_messages/cmake/ament_cmake_export_libraries-extras.cmake
[2.749s] -- Up-to-date: /home/pengyh/workspace/FreeAskAgent/closed_loop/ros2/install/simulator_messages/share/simulator_messages/cmake/ament_cmake_export_targets-extras.cmake
[2.749s] -- Up-to-date: /home/pengyh/workspace/FreeAskAgent/closed_loop/ros2/install/simulator_messages/share/simulator_messages/cmake/rosidl_cmake_export_typesupport_targets-extras.cmake
[2.749s] -- Up-to-date: /home/pengyh/workspace/FreeAskAgent/closed_loop/ros2/install/simulator_messages/share/simulator_messages/cmake/rosidl_cmake_export_typesupport_libraries-extras.cmake
[2.749s] -- Installing: /home/pengyh/workspace/FreeAskAgent/closed_loop/ros2/install/simulator_messages/share/simulator_messages/cmake/rosidl_cmake_aggregate_target-extras.cmake
[2.749s] -- Installing: /home/pengyh/workspace/FreeAskAgent/closed_loop/ros2/install/simulator_messages/share/simulator_messages/cmake/simulator_messagesConfig.cmake
[2.749s] -- Up-to-date: /home/pengyh/workspace/FreeAskAgent/closed_loop/ros2/install/simulator_messages/share/simulator_messages/cmake/simulator_messagesConfig-version.cmake
[2.749s] -- Up-to-date: /home/pengyh/workspace/FreeAskAgent/closed_loop/ros2/install/simulator_messages/share/simulator_messages/package.xml
[2.750s] Invoked command in '/home/pengyh/workspace/FreeAskAgent/closed_loop/ros2/build/simulator_messages' returned '0': DEBUGINFOD_URLS=https://debuginfod.ubuntu.com /usr/bin/cmake --install /home/pengyh/workspace/FreeAskAgent/closed_loop/ros2/build/simulator_messages
