[0.944s] Invoking command in '/home/pengyh/workspace/FreeAskAgent/closed_loop/ros2/src/vln_connector': CMAKE_PREFIX_PATH=/home/pengyh/workspace/FreeAskAgent/closed_loop/ros2/install/simulator_messages:${CMAKE_PREFIX_PATH} DEBUGINFOD_URLS=https://debuginfod.ubuntu.com LD_LIBRARY_PATH=/home/pengyh/workspace/FreeAskAgent/closed_loop/ros2/install/simulator_messages/lib:${LD_LIBRARY_PATH} PKG_CONFIG_PATH=/home/pengyh/workspace/FreeAskAgent/closed_loop/ros2/install/simulator_messages/lib/x86_64-linux-gnu/pkgconfig:/home/pengyh/workspace/FreeAskAgent/closed_loop/ros2/install/simulator_messages/lib/pkgconfig PYTHONPATH=/home/pengyh/workspace/FreeAskAgent/closed_loop/ros2/build/vln_connector/prefix_override:/usr/lib/python3/dist-packages/colcon_core/task/python/colcon_distutils_commands:/home/pengyh/workspace/FreeAskAgent/closed_loop/ros2/install/vln_connector/lib/python3.12/site-packages:/home/pengyh/workspace/FreeAskAgent/closed_loop/ros2/install/simulator_messages/lib/python3.12/site-packages:${PYTHONPATH} ROS_PACKAGE_PATH=/home/pengyh/workspace/FreeAskAgent/closed_loop/ros2/install/simulator_messages/share /usr/bin/python3 -W ignore:setup.py install is deprecated -W ignore:easy_install command is deprecated setup.py egg_info --egg-base ../../build/vln_connector build --build-base /home/pengyh/workspace/FreeAskAgent/closed_loop/ros2/build/vln_connector/build install --record /home/pengyh/workspace/FreeAskAgent/closed_loop/ros2/build/vln_connector/install.log --single-version-externally-managed
[1.094s] running egg_info
[1.108s] writing ../../build/vln_connector/vln_connector.egg-info/PKG-INFO
[1.108s] writing dependency_links to ../../build/vln_connector/vln_connector.egg-info/dependency_links.txt
[1.109s] writing entry points to ../../build/vln_connector/vln_connector.egg-info/entry_points.txt
[1.109s] writing requirements to ../../build/vln_connector/vln_connector.egg-info/requires.txt
[1.109s] writing top-level names to ../../build/vln_connector/vln_connector.egg-info/top_level.txt
[1.128s] reading manifest file '../../build/vln_connector/vln_connector.egg-info/SOURCES.txt'
[1.128s] writing manifest file '../../build/vln_connector/vln_connector.egg-info/SOURCES.txt'
[1.128s] running build
[1.128s] running build_py
[1.128s] copying vln_connector/agent_baseline.py -> /home/pengyh/workspace/FreeAskAgent/closed_loop/ros2/build/vln_connector/build/lib/vln_connector
[1.129s] running install
[1.132s] running install_lib
[1.141s] copying /home/pengyh/workspace/FreeAskAgent/closed_loop/ros2/build/vln_connector/build/lib/vln_connector/agent_baseline.py -> /home/pengyh/workspace/FreeAskAgent/closed_loop/ros2/install/vln_connector/lib/python3.12/site-packages/vln_connector
[1.142s] byte-compiling /home/pengyh/workspace/FreeAskAgent/closed_loop/ros2/install/vln_connector/lib/python3.12/site-packages/vln_connector/agent_baseline.py to agent_baseline.cpython-312.pyc
[1.145s] running install_egg_info
[1.154s] removing '/home/pengyh/workspace/FreeAskAgent/closed_loop/ros2/install/vln_connector/lib/python3.12/site-packages/vln_connector-0.0.1-py3.12.egg-info' (and everything under it)
[1.154s] Copying ../../build/vln_connector/vln_connector.egg-info to /home/pengyh/workspace/FreeAskAgent/closed_loop/ros2/install/vln_connector/lib/python3.12/site-packages/vln_connector-0.0.1-py3.12.egg-info
[1.155s] running install_scripts
[1.228s] Installing agent_baseline script to /home/pengyh/workspace/FreeAskAgent/closed_loop/ros2/install/vln_connector/lib/vln_connector
[1.228s] Installing events script to /home/pengyh/workspace/FreeAskAgent/closed_loop/ros2/install/vln_connector/lib/vln_connector
[1.228s] Installing simple_baseline script to /home/pengyh/workspace/FreeAskAgent/closed_loop/ros2/install/vln_connector/lib/vln_connector
[1.228s] Installing vln_connector script to /home/pengyh/workspace/FreeAskAgent/closed_loop/ros2/install/vln_connector/lib/vln_connector
[1.228s] writing list of installed files to '/home/pengyh/workspace/FreeAskAgent/closed_loop/ros2/build/vln_connector/install.log'
[1.259s] Invoked command in '/home/pengyh/workspace/FreeAskAgent/closed_loop/ros2/src/vln_connector' returned '0': CMAKE_PREFIX_PATH=/home/pengyh/workspace/FreeAskAgent/closed_loop/ros2/install/simulator_messages:${CMAKE_PREFIX_PATH} DEBUGINFOD_URLS=https://debuginfod.ubuntu.com LD_LIBRARY_PATH=/home/pengyh/workspace/FreeAskAgent/closed_loop/ros2/install/simulator_messages/lib:${LD_LIBRARY_PATH} PKG_CONFIG_PATH=/home/pengyh/workspace/FreeAskAgent/closed_loop/ros2/install/simulator_messages/lib/x86_64-linux-gnu/pkgconfig:/home/pengyh/workspace/FreeAskAgent/closed_loop/ros2/install/simulator_messages/lib/pkgconfig PYTHONPATH=/home/pengyh/workspace/FreeAskAgent/closed_loop/ros2/build/vln_connector/prefix_override:/usr/lib/python3/dist-packages/colcon_core/task/python/colcon_distutils_commands:/home/pengyh/workspace/FreeAskAgent/closed_loop/ros2/install/vln_connector/lib/python3.12/site-packages:/home/pengyh/workspace/FreeAskAgent/closed_loop/ros2/install/simulator_messages/lib/python3.12/site-packages:${PYTHONPATH} ROS_PACKAGE_PATH=/home/pengyh/workspace/FreeAskAgent/closed_loop/ros2/install/simulator_messages/share /usr/bin/python3 -W ignore:setup.py install is deprecated -W ignore:easy_install command is deprecated setup.py egg_info --egg-base ../../build/vln_connector build --build-base /home/pengyh/workspace/FreeAskAgent/closed_loop/ros2/build/vln_connector/build install --record /home/pengyh/workspace/FreeAskAgent/closed_loop/ros2/build/vln_connector/install.log --single-version-externally-managed
